Report End Points: 
-----+-------+------+-------+-----+-----+-----+-----+-----------+---------
     |Group  |Launch|Capture|Shift|Delay|Depth|Slack|Begin Point|End Point
-----+-------+------+-------+-----+-----+-----+-----+-----------+---------
1    |default|      |       |     |     |     |     |           |         
-----+-------+------+-------+-----+-----+-----+-----+-----------+---------
Report End Points: 
-----+-----+------+-------+-----+-----+-----+-----+-----------+---------
     |Group|Launch|Capture|Shift|Delay|Depth|Slack|Begin Point|End Point
-----+-----+------+-------+-----+-----+-----+-----+-----------+---------
1    |I2R  |      |       |     |     |     |     |           |         
-----+-----+------+-------+-----+-----+-----+-----+-----------+---------
Report End Points: 
-----+-----+-------+-------+-------+------+-----+-------+-----------+---------
     |Group|Launch |Capture|Shift  |Delay |Depth|Slack  |Begin Point|End Point
-----+-----+-------+-------+-------+------+-----+-------+-----------+---------
1    |I2O  |vsysclk|vsysclk|20000.0|2286.8|   64|16213.2|y[0]       |OF       
2    |I2O  |vsysclk|vsysclk|20000.0|2270.6|   65|16229.4|y[0]       |carry    
3    |I2O  |vsysclk|vsysclk|20000.0|2221.5|   63|16278.5|y[0]       |s[31]    
4    |I2O  |vsysclk|vsysclk|20000.0|2133.1|   61|16366.9|y[0]       |s[30]    
5    |I2O  |vsysclk|vsysclk|20000.0|2063.3|   59|16436.7|y[0]       |s[29]    
6    |I2O  |vsysclk|vsysclk|20000.0|1993.4|   57|16506.6|y[0]       |s[28]    
7    |I2O  |vsysclk|vsysclk|20000.0|1923.7|   55|16576.3|y[0]       |s[27]    
8    |I2O  |vsysclk|vsysclk|20000.0|1853.8|   53|16646.2|y[0]       |s[26]    
9    |I2O  |vsysclk|vsysclk|20000.0|1784.0|   51|16716.0|y[0]       |s[25]    
10   |I2O  |vsysclk|vsysclk|20000.0|1714.2|   49|16785.8|y[0]       |s[24]    
11   |I2O  |vsysclk|vsysclk|20000.0|1644.4|   47|16855.6|y[0]       |s[23]    
12   |I2O  |vsysclk|vsysclk|20000.0|1574.6|   45|16925.4|y[0]       |s[22]    
13   |I2O  |vsysclk|vsysclk|20000.0|1504.8|   43|16995.2|y[0]       |s[21]    
14   |I2O  |vsysclk|vsysclk|20000.0|1435.0|   41|17065.0|y[0]       |s[20]    
15   |I2O  |vsysclk|vsysclk|20000.0|1365.2|   39|17134.8|y[0]       |s[19]    
16   |I2O  |vsysclk|vsysclk|20000.0|1295.4|   37|17204.6|y[0]       |s[18]    
17   |I2O  |vsysclk|vsysclk|20000.0|1225.6|   35|17274.4|y[0]       |s[17]    
18   |I2O  |vsysclk|vsysclk|20000.0|1155.8|   33|17344.2|y[0]       |s[16]    
19   |I2O  |vsysclk|vsysclk|20000.0|1086.0|   31|17414.0|y[0]       |s[15]    
20   |I2O  |vsysclk|vsysclk|20000.0|1016.2|   29|17483.8|y[0]       |s[14]    
21   |I2O  |vsysclk|vsysclk|20000.0| 946.4|   27|17553.6|y[0]       |s[13]    
22   |I2O  |vsysclk|vsysclk|20000.0| 876.6|   25|17623.4|y[0]       |s[12]    
23   |I2O  |vsysclk|vsysclk|20000.0| 806.8|   23|17693.2|y[0]       |s[11]    
24   |I2O  |vsysclk|vsysclk|20000.0| 737.0|   21|17763.0|y[0]       |s[10]    
25   |I2O  |vsysclk|vsysclk|20000.0| 667.2|   19|17832.8|y[0]       |s[9]     
26   |I2O  |vsysclk|vsysclk|20000.0| 597.4|   17|17902.6|y[0]       |s[8]     
27   |I2O  |vsysclk|vsysclk|20000.0| 527.6|   15|17972.4|y[0]       |s[7]     
28   |I2O  |vsysclk|vsysclk|20000.0| 457.8|   13|18042.2|y[0]       |s[6]     
29   |I2O  |vsysclk|vsysclk|20000.0| 388.0|   11|18112.0|y[0]       |s[5]     
30   |I2O  |vsysclk|vsysclk|20000.0| 318.2|    9|18181.8|y[0]       |s[4]     
31   |I2O  |vsysclk|vsysclk|20000.0| 248.4|    7|18251.6|y[0]       |s[3]     
32   |I2O  |vsysclk|vsysclk|20000.0| 178.8|    5|18321.2|y[0]       |s[2]     
33   |I2O  |vsysclk|vsysclk|20000.0| 155.7|    4|18344.3|y[0]       |s[1]     
34   |I2O  |vsysclk|vsysclk|20000.0|  94.8|    2|18405.2|y[0]       |s[0]     
-----+-----+-------+-------+-------+------+-----+-------+-----------+---------
Report End Points: 
-----+-----+------+-------+-----+-----+-----+-----+-----------+---------
     |Group|Launch|Capture|Shift|Delay|Depth|Slack|Begin Point|End Point
-----+-----+------+-------+-----+-----+-----+-----+-----------+---------
1    |R2O  |      |       |     |     |     |     |           |         
-----+-----+------+-------+-----+-----+-----+-----+-----------+---------
