Report for group default
Report for group I2R
Report for group I2O
------------------------------------------------------------------------------------------------------------------------------------------------------------
Startpoint: y[0]
    (Clocked by vsysclk R)
Endpoint: OF
    (Clocked by vsysclk R)
Path Group: I2O
Data required time: 19500.0
    (Clock shift: 20000.0, minus Uncertainty: 0.0, plus Latency 0.0, minus Out delay: 500.0)
Data arrival time: 3286.8
Slack: 16213.2
Logic depth: 64
------------------------------------------------------------------------------------------------------------------------------------------------------------
                                                     Arrival               Arc      Net               Net    Total   fan-                                   
Path                     Module/Cell           Edge     Time    Delay    Delay    Delay     Slew     Load     Load    out     Location Power Domain      (V)
                                                        (ps)     (ps)     (ps)     (ps)     (ps)     (ff)     (ff)    (#)      (um,um)                      
------------------------------------------------------------------------------------------------------------------------------------------------------------
y[0]                     {set_input_delay}        r   1000.0   1000.0   1000.0                        2.3      8.3      2    41,    0                       
a0/ha1/i_0_0/B->Z        XOR2_X2                 rf   1015.5     15.5     15.3      0.2   1000.0      0.5      6.2      2    41,   40  /PD_TOP        (1.10)
a0/ha2/i_0_1/A2->ZN      AND2_X4                 ff   1045.5     30.0     30.0      0.0     13.7      0.3      2.5      1    41,   40  /PD_TOP        (1.10)
a0/i_0_0/A2->ZN          OR2_X4                  ff   1090.4     44.9     44.9      0.0      5.1      0.5      6.2      2    41,   40  /PD_TOP        (1.10)
b0/ha1/i_0_1/A2->ZN      AND2_X4                 ff   1119.8     29.4     29.4      0.0      8.8      0.5      5.9      2    41,   40  /PD_TOP        (1.10)
genblk2_1_b/ha2/i_0_1/A1->ZN
                         AND2_X4                 ff   1143.5     23.7     23.7      0.0      6.0      0.3      2.5      1    41,   40  /PD_TOP        (1.10)
genblk2_1_b/i_0_0/A2->ZN OR2_X4                  ff   1188.2     44.7     44.7      0.0      5.1      0.5      5.9      2    41,   40  /PD_TOP        (1.10)
genblk2_2_b/ha2/i_0_1/A1->ZN
                         AND2_X4                 ff   1213.3     25.1     25.1      0.0      8.7      0.3      2.5      1    41,   40  /PD_TOP        (1.10)
genblk2_2_b/i_0_0/A2->ZN OR2_X4                  ff   1258.0     44.7     44.7      0.0      5.1      0.5      5.9      2    41,   40  /PD_TOP        (1.10)
genblk2_3_b/ha2/i_0_1/A1->ZN
                         AND2_X4                 ff   1283.1     25.1     25.1      0.0      8.7      0.3      2.5      1    41,   40  /PD_TOP        (1.10)
genblk2_3_b/i_0_0/A2->ZN OR2_X4                  ff   1327.8     44.7     44.7      0.0      5.1      0.5      5.9      2    41,   40  /PD_TOP        (1.10)
genblk2_4_b/ha2/i_0_1/A1->ZN
                         AND2_X4                 ff   1352.9     25.1     25.1      0.0      8.7      0.3      2.5      1    41,   40  /PD_TOP        (1.10)
genblk2_4_b/i_0_0/A2->ZN OR2_X4                  ff   1397.6     44.7     44.7      0.0      5.1      0.5      5.9      2    41,   40  /PD_TOP        (1.10)
genblk2_5_b/ha2/i_0_1/A1->ZN
                         AND2_X4                 ff   1422.7     25.1     25.1      0.0      8.7      0.3      2.5      1    41,   40  /PD_TOP        (1.10)
genblk2_5_b/i_0_0/A2->ZN OR2_X4                  ff   1467.4     44.7     44.7      0.0      5.1      0.5      5.9      2    41,   40  /PD_TOP        (1.10)
genblk2_6_b/ha2/i_0_1/A1->ZN
                         AND2_X4                 ff   1492.5     25.1     25.1      0.0      8.7      0.3      2.5      1    41,   40  /PD_TOP        (1.10)
genblk2_6_b/i_0_0/A2->ZN OR2_X4                  ff   1537.2     44.7     44.7      0.0      5.1      0.5      5.9      2    41,   40  /PD_TOP        (1.10)
genblk2_7_b/ha2/i_0_1/A1->ZN
                         AND2_X4                 ff   1562.3     25.1     25.1      0.0      8.7      0.3      2.5      1    41,   40  /PD_TOP        (1.10)
genblk2_7_b/i_0_0/A2->ZN OR2_X4                  ff   1607.0     44.7     44.7      0.0      5.1      0.5      5.9      2    41,   40  /PD_TOP        (1.10)
genblk2_8_b/ha2/i_0_1/A1->ZN
                         AND2_X4                 ff   1632.1     25.1     25.1      0.0      8.7      0.3      2.5      1    41,   40  /PD_TOP        (1.10)
genblk2_8_b/i_0_0/A2->ZN OR2_X4                  ff   1676.8     44.7     44.7      0.0      5.1      0.5      5.9      2    41,   40  /PD_TOP        (1.10)
genblk2_9_b/ha2/i_0_1/A1->ZN
                         AND2_X4                 ff   1701.9     25.1     25.1      0.0      8.7      0.3      2.5      1    41,   40  /PD_TOP        (1.10)
genblk2_9_b/i_0_0/A2->ZN OR2_X4                  ff   1746.6     44.7     44.7      0.0      5.1      0.5      5.9      2    41,   40  /PD_TOP        (1.10)
genblk2_10_b/ha2/i_0_1/A1->ZN
                         AND2_X4                 ff   1771.7     25.1     25.1      0.0      8.7      0.3      2.5      1    41,   40  /PD_TOP        (1.10)
genblk2_10_b/i_0_0/A2->ZN
                         OR2_X4                  ff   1816.4     44.7     44.7      0.0      5.1      0.5      5.9      2    41,   40  /PD_TOP        (1.10)
genblk2_11_b/ha2/i_0_1/A1->ZN
                         AND2_X4                 ff   1841.5     25.1     25.1      0.0      8.7      0.3      2.5      1    41,   40  /PD_TOP        (1.10)
genblk2_11_b/i_0_0/A2->ZN
                         OR2_X4                  ff   1886.2     44.7     44.7      0.0      5.1      0.5      5.9      2    41,   40  /PD_TOP        (1.10)
genblk2_12_b/ha2/i_0_1/A1->ZN
                         AND2_X4                 ff   1911.3     25.1     25.1      0.0      8.7      0.3      2.5      1    41,   40  /PD_TOP        (1.10)
genblk2_12_b/i_0_0/A2->ZN
                         OR2_X4                  ff   1956.0     44.7     44.7      0.0      5.1      0.5      5.9      2    41,   40  /PD_TOP        (1.10)
genblk2_13_b/ha2/i_0_1/A1->ZN
                         AND2_X4                 ff   1981.1     25.1     25.1      0.0      8.7      0.3      2.5      1    41,   40  /PD_TOP        (1.10)
genblk2_13_b/i_0_0/A2->ZN
                         OR2_X4                  ff   2025.8     44.7     44.7      0.0      5.1      0.5      5.9      2    41,   40  /PD_TOP        (1.10)
genblk2_14_b/ha2/i_0_1/A1->ZN
                         AND2_X4                 ff   2050.9     25.1     25.1      0.0      8.7      0.3      2.5      1    41,   40  /PD_TOP        (1.10)
genblk2_14_b/i_0_0/A2->ZN
                         OR2_X4                  ff   2095.6     44.7     44.7      0.0      5.1      0.5      5.9      2    41,   40  /PD_TOP        (1.10)
genblk2_15_b/ha2/i_0_1/A1->ZN
                         AND2_X4                 ff   2120.7     25.1     25.1      0.0      8.7      0.3      2.5      1    41,   40  /PD_TOP        (1.10)
genblk2_15_b/i_0_0/A2->ZN
                         OR2_X4                  ff   2165.4     44.7     44.7      0.0      5.1      0.5      5.9      2    41,   40  /PD_TOP        (1.10)
genblk2_16_b/ha2/i_0_1/A1->ZN
                         AND2_X4                 ff   2190.5     25.1     25.1      0.0      8.7      0.3      2.5      1    41,   40  /PD_TOP        (1.10)
genblk2_16_b/i_0_0/A2->ZN
                         OR2_X4                  ff   2235.2     44.7     44.7      0.0      5.1      0.5      5.9      2    41,   40  /PD_TOP        (1.10)
genblk2_17_b/ha2/i_0_1/A1->ZN
                         AND2_X4                 ff   2260.3     25.1     25.1      0.0      8.7      0.3      2.5      1    41,   40  /PD_TOP        (1.10)
genblk2_17_b/i_0_0/A2->ZN
                         OR2_X4                  ff   2305.0     44.7     44.7      0.0      5.1      0.5      5.9      2    41,   40  /PD_TOP        (1.10)
genblk2_18_b/ha2/i_0_1/A1->ZN
                         AND2_X4                 ff   2330.1     25.1     25.1      0.0      8.7      0.3      2.5      1    41,   40  /PD_TOP        (1.10)
genblk2_18_b/i_0_0/A2->ZN
                         OR2_X4                  ff   2374.8     44.7     44.7      0.0      5.1      0.5      5.9      2    41,   40  /PD_TOP        (1.10)
genblk2_19_b/ha2/i_0_1/A1->ZN
                         AND2_X4                 ff   2399.9     25.1     25.1      0.0      8.7      0.3      2.5      1    41,   40  /PD_TOP        (1.10)
genblk2_19_b/i_0_0/A2->ZN
                         OR2_X4                  ff   2444.6     44.7     44.7      0.0      5.1      0.5      5.9      2    41,   40  /PD_TOP        (1.10)
genblk2_20_b/ha2/i_0_1/A1->ZN
                         AND2_X4                 ff   2469.7     25.1     25.1      0.0      8.7      0.3      2.5      1    41,   40  /PD_TOP        (1.10)
genblk2_20_b/i_0_0/A2->ZN
                         OR2_X4                  ff   2514.4     44.7     44.7      0.0      5.1      0.5      5.9      2    41,   40  /PD_TOP        (1.10)
genblk2_21_b/ha2/i_0_1/A1->ZN
                         AND2_X4                 ff   2539.5     25.1     25.1      0.0      8.7      0.3      2.5      1    41,   40  /PD_TOP        (1.10)
genblk2_21_b/i_0_0/A2->ZN
                         OR2_X4                  ff   2584.2     44.7     44.7      0.0      5.1      0.5      5.9      2    41,   40  /PD_TOP        (1.10)
genblk2_22_b/ha2/i_0_1/A1->ZN
                         AND2_X4                 ff   2609.3     25.1     25.1      0.0      8.7      0.3      2.5      1    41,   40  /PD_TOP        (1.10)
genblk2_22_b/i_0_0/A2->ZN
                         OR2_X4                  ff   2654.0     44.7     44.7      0.0      5.1      0.5      5.9      2    41,   40  /PD_TOP        (1.10)
genblk2_23_b/ha2/i_0_1/A1->ZN
                         AND2_X4                 ff   2679.1     25.1     25.1      0.0      8.7      0.3      2.5      1    41,   40  /PD_TOP        (1.10)
genblk2_23_b/i_0_0/A2->ZN
                         OR2_X4                  ff   2723.8     44.7     44.7      0.0      5.1      0.5      5.9      2    41,   40  /PD_TOP        (1.10)
genblk2_24_b/ha2/i_0_1/A1->ZN
                         AND2_X4                 ff   2748.9     25.1     25.1      0.0      8.7      0.3      2.5      1    41,   40  /PD_TOP        (1.10)
genblk2_24_b/i_0_0/A2->ZN
                         OR2_X4                  ff   2793.6     44.7     44.7      0.0      5.1      0.5      5.9      2    41,   40  /PD_TOP        (1.10)
genblk2_25_b/ha2/i_0_1/A1->ZN
                         AND2_X4                 ff   2818.7     25.1     25.1      0.0      8.7      0.3      2.5      1    41,   40  /PD_TOP        (1.10)
genblk2_25_b/i_0_0/A2->ZN
                         OR2_X4                  ff   2863.4     44.7     44.7      0.0      5.1      0.5      5.9      2    41,   40  /PD_TOP        (1.10)
genblk2_26_b/ha2/i_0_1/A1->ZN
                         AND2_X4                 ff   2888.5     25.1     25.1      0.0      8.7      0.3      2.5      1    41,   40  /PD_TOP        (1.10)
genblk2_26_b/i_0_0/A2->ZN
                         OR2_X4                  ff   2933.2     44.7     44.7      0.0      5.1      0.5      5.9      2    41,   40  /PD_TOP        (1.10)
genblk2_27_b/ha2/i_0_1/A1->ZN
                         AND2_X4                 ff   2958.3     25.1     25.1      0.0      8.7      0.3      2.5      1    41,   40  /PD_TOP        (1.10)
genblk2_27_b/i_0_0/A2->ZN
                         OR2_X4                  ff   3003.0     44.7     44.7      0.0      5.1      0.5      5.9      2    41,   40  /PD_TOP        (1.10)
genblk2_28_b/ha2/i_0_1/A1->ZN
                         AND2_X4                 ff   3028.1     25.1     25.1      0.0      8.7      0.3      2.5      1    41,   40  /PD_TOP        (1.10)
genblk2_28_b/i_0_0/A2->ZN
                         OR2_X4                  ff   3072.8     44.7     44.7      0.0      5.1      0.5      5.9      2    41,   40  /PD_TOP        (1.10)
genblk2_29_b/ha2/i_0_1/A1->ZN
                         AND2_X4                 ff   3097.9     25.1     25.1      0.0      8.7      0.3      2.5      1    41,   40  /PD_TOP        (1.10)
genblk2_29_b/i_0_0/A2->ZN
                         OR2_X4                  ff   3142.6     44.7     44.7      0.0      5.1      0.5      5.9      2    41,   40  /PD_TOP        (1.10)
genblk2_30_b/ha2/i_0_0/A->Z
                         XOR2_X2*                fr   3239.5     96.9     96.9      0.0      8.7      0.6     40.2      3    41,   40  /PD_TOP        (1.10)
i_0_0_0/A2->ZN           OAI33_X1                rf   3286.6     47.1     47.1      0.0     15.3      2.4     12.4      1    41,   40  /PD_TOP        (1.10)
OF                                                f   3286.8      0.2               0.2     34.0                             82,   38                       
------------------------------------------------------------------------------------------------------------------------------------------------------------
Report for group R2O
