Report End Points: 
-----+-------+------+-------+-----+-----+-----+-----+-----------+---------
     |Group  |Launch|Capture|Shift|Delay|Depth|Slack|Begin Point|End Point
-----+-------+------+-------+-----+-----+-----+-----+-----------+---------
1    |default|      |       |     |     |     |     |           |         
-----+-------+------+-------+-----+-----+-----+-----+-----------+---------
Report End Points: 
-----+-----+------+-------+-----+-----+-----+-----+-----------+---------
     |Group|Launch|Capture|Shift|Delay|Depth|Slack|Begin Point|End Point
-----+-----+------+-------+-----+-----+-----+-----+-----------+---------
1    |I2R  |      |       |     |     |     |     |           |         
-----+-----+------+-------+-----+-----+-----+-----+-----------+---------
Report End Points: 
-----+-----+-------+-------+-------+------+-----+-------+-----------+---------
     |Group|Launch |Capture|Shift  |Delay |Depth|Slack  |Begin Point|End Point
-----+-----+-------+-------+-------+------+-----+-------+-----------+---------
1    |I2O  |vsysclk|vsysclk|20000.0|1951.8|   50|16548.2|A[0]       |OF       
2    |I2O  |vsysclk|vsysclk|20000.0|1839.2|   49|16660.8|A[0]       |Sum[31]  
3    |I2O  |vsysclk|vsysclk|20000.0|1807.8|   49|16692.2|A[0]       |cout     
4    |I2O  |vsysclk|vsysclk|20000.0|1760.1|   47|16739.9|A[0]       |Sum[30]  
5    |I2O  |vsysclk|vsysclk|20000.0|1683.6|   45|16816.4|A[0]       |Sum[29]  
6    |I2O  |vsysclk|vsysclk|20000.0|1644.6|   44|16855.4|A[0]       |Sum[28]  
7    |I2O  |vsysclk|vsysclk|20000.0|1594.7|   43|16905.3|A[0]       |Sum[27]  
8    |I2O  |vsysclk|vsysclk|20000.0|1539.3|   41|16960.7|A[0]       |Sum[26]  
9    |I2O  |vsysclk|vsysclk|20000.0|1462.9|   39|17037.1|A[0]       |Sum[25]  
10   |I2O  |vsysclk|vsysclk|20000.0|1423.9|   38|17076.1|A[0]       |Sum[24]  
11   |I2O  |vsysclk|vsysclk|20000.0|1374.0|   37|17126.0|A[0]       |Sum[23]  
12   |I2O  |vsysclk|vsysclk|20000.0|1318.6|   35|17181.4|A[0]       |Sum[22]  
13   |I2O  |vsysclk|vsysclk|20000.0|1242.1|   33|17257.9|A[0]       |Sum[21]  
14   |I2O  |vsysclk|vsysclk|20000.0|1203.2|   32|17296.8|A[0]       |Sum[20]  
15   |I2O  |vsysclk|vsysclk|20000.0|1153.3|   31|17346.7|A[0]       |Sum[19]  
16   |I2O  |vsysclk|vsysclk|20000.0|1097.9|   29|17402.1|A[0]       |Sum[18]  
17   |I2O  |vsysclk|vsysclk|20000.0|1021.4|   27|17478.6|A[0]       |Sum[17]  
18   |I2O  |vsysclk|vsysclk|20000.0| 982.5|   26|17517.5|A[0]       |Sum[16]  
19   |I2O  |vsysclk|vsysclk|20000.0| 932.6|   25|17567.4|A[0]       |Sum[15]  
20   |I2O  |vsysclk|vsysclk|20000.0| 877.2|   23|17622.8|A[0]       |Sum[14]  
21   |I2O  |vsysclk|vsysclk|20000.0| 800.7|   21|17699.3|A[0]       |Sum[13]  
22   |I2O  |vsysclk|vsysclk|20000.0| 761.8|   20|17738.2|A[0]       |Sum[12]  
23   |I2O  |vsysclk|vsysclk|20000.0| 711.9|   19|17788.1|A[0]       |Sum[11]  
24   |I2O  |vsysclk|vsysclk|20000.0| 656.5|   17|17843.5|A[0]       |Sum[10]  
25   |I2O  |vsysclk|vsysclk|20000.0| 580.0|   15|17920.0|A[0]       |Sum[9]   
26   |I2O  |vsysclk|vsysclk|20000.0| 541.0|   14|17959.0|A[0]       |Sum[8]   
27   |I2O  |vsysclk|vsysclk|20000.0| 491.2|   13|18008.8|A[0]       |Sum[7]   
28   |I2O  |vsysclk|vsysclk|20000.0| 435.8|   11|18064.2|A[0]       |Sum[6]   
29   |I2O  |vsysclk|vsysclk|20000.0| 359.3|    9|18140.7|A[0]       |Sum[5]   
30   |I2O  |vsysclk|vsysclk|20000.0| 320.3|    8|18179.7|A[0]       |Sum[4]   
31   |I2O  |vsysclk|vsysclk|20000.0| 270.5|    7|18229.5|A[0]       |Sum[3]   
32   |I2O  |vsysclk|vsysclk|20000.0| 216.0|    4|18284.0|cin        |Sum[2]   
33   |I2O  |vsysclk|vsysclk|20000.0| 171.9|    2|18328.1|cin        |Sum[1]   
34   |I2O  |vsysclk|vsysclk|20000.0| 100.8|    2|18399.2|A[0]       |Sum[0]   
-----+-----+-------+-------+-------+------+-----+-------+-----------+---------
Report End Points: 
-----+-----+------+-------+-----+-----+-----+-----+-----------+---------
     |Group|Launch|Capture|Shift|Delay|Depth|Slack|Begin Point|End Point
-----+-----+------+-------+-----+-----+-----+-----+-----------+---------
1    |R2O  |      |       |     |     |     |     |           |         
-----+-----+------+-------+-----+-----+-----+-----+-----------+---------
