warning: No library characterized for (process = 1.00 voltage = 0.85 temperature = 25.00) can be found in the database for power domain '/PD_TOP'  [NL-174]
Report Power (instances with prefix '*' are included in total) : 
-----+--------------+--------------------+---------------------+-------------------+-----------------
     | Instance     | Internal Power(uw) | Switching Power(uw) | Leakage Power(uw) | Total Power(uw) 
-----+--------------+--------------------+---------------------+-------------------+-----------------
1    |*genblk1_0_cla|            2.541110|             2.554982|           0.442875|         5.538967
2    |*genblk1_1_cla|            2.390387|             2.541481|           0.442875|         5.374742
3    |*genblk1_2_cla|            2.390569|             2.541726|           0.442875|         5.375170
4    |*genblk1_3_cla|            2.390574|             2.542078|           0.442875|         5.375527
5    |*genblk1_4_cla|            2.390577|             2.542677|           0.442875|         5.376129
6    |*genblk1_5_cla|            2.390578|             2.543037|           0.442875|         5.376490
7    |*genblk1_6_cla|            2.390580|             2.543637|           0.442875|         5.377092
8    |*genblk1_7_cla|            2.390991|             3.029269|           0.442875|         5.863135
9    |*i_0_0_0      |            0.099315|             0.133566|           0.048314|         0.281195
10   |*i_0_0_1      |            0.510145|             0.028798|           0.014353|         0.553296
11   |*i_0_0_2      |            0.023862|             0.029363|           0.014353|         0.067579
12   |*i_0_0_3      |            0.509345|             0.030408|           0.014353|         0.554106
13   |              |                    |                     |                   |                 
14   |*TOTAL        |           20.418034|            21.061024|           3.634373|        45.113426
-----+--------------+--------------------+---------------------+-------------------+-----------------
