Report Instance Areas: 
-----+-----------------+-------------------+-----+---------
     |Instance         |Module             |Cells|Cell Area
-----+-----------------+-------------------+-----+---------
1    |top              |                   |  349|      461
2    |  genblk1_3_rbl_1|ripple_adder__0_132|   43|       52
3    |    genblk1_0_FA |full_adder__0_131  |    4|        4
4    |      HA1        |half_adder__0_130  |    2|        3
5    |      HA2        |half_adder__0_127  |    1|        1
6    |    genblk1_1_FA |full_adder__0_123  |    5|        6
7    |      HA1        |half_adder__0_122  |    2|        3
8    |      HA2        |half_adder__0_119  |    2|        3
9    |    genblk1_2_FA |full_adder__0_115  |    5|        6
10   |      HA1        |half_adder__0_114  |    2|        3
11   |      HA2        |half_adder__0_111  |    2|        3
12   |    genblk1_3_FA |full_adder__0_107  |    5|        6
13   |      HA1        |half_adder__0_106  |    2|        3
14   |      HA2        |half_adder__0_103  |    2|        3
15   |    genblk1_4_FA |full_adder__0_99   |    5|        6
16   |      HA1        |half_adder__0_98   |    2|        3
17   |      HA2        |half_adder__0_95   |    2|        3
18   |    genblk1_5_FA |full_adder__0_91   |    5|        6
19   |      HA1        |half_adder__0_90   |    2|        3
20   |      HA2        |half_adder__0_87   |    2|        3
21   |    genblk1_6_FA |full_adder__0_83   |    5|        6
22   |      HA1        |half_adder__0_82   |    2|        3
23   |      HA2        |half_adder__0_79   |    2|        3
24   |    genblk1_7_FA |full_adder__0_75   |    5|        6
25   |      HA1        |half_adder__0_74   |    2|        3
26   |      HA2        |half_adder__0_71   |    2|        3
27   |  genblk1_3_rbl_0|ripple_adder__0_198|   41|       51
28   |    genblk1_0_FA |full_adder__0_197  |    2|        3
29   |      HA1        |half_adder__0_196  |    2|        3
30   |    genblk1_1_FA |full_adder__0_189  |    5|        6
31   |      HA1        |half_adder__0_188  |    2|        3
32   |      HA2        |half_adder__0_185  |    2|        3
33   |    genblk1_2_FA |full_adder__0_181  |    5|        6
34   |      HA1        |half_adder__0_180  |    2|        3
35   |      HA2        |half_adder__0_177  |    2|        3
36   |    genblk1_3_FA |full_adder__0_173  |    5|        6
37   |      HA1        |half_adder__0_172  |    2|        3
38   |      HA2        |half_adder__0_169  |    2|        3
39   |    genblk1_4_FA |full_adder__0_165  |    5|        6
40   |      HA1        |half_adder__0_164  |    2|        3
41   |      HA2        |half_adder__0_161  |    2|        3
42   |    genblk1_5_FA |full_adder__0_157  |    5|        6
43   |      HA1        |half_adder__0_156  |    2|        3
44   |      HA2        |half_adder__0_153  |    2|        3
45   |    genblk1_6_FA |full_adder__0_149  |    5|        6
46   |      HA1        |half_adder__0_148  |    2|        3
47   |      HA2        |half_adder__0_145  |    2|        3
48   |    genblk1_7_FA |full_adder__0_141  |    5|        6
49   |      HA1        |half_adder__0_140  |    2|        3
50   |      HA2        |half_adder__0_137  |    2|        3
51   |  genblk1_2_rbl_1|ripple_adder__0_264|   39|       49
52   |    genblk1_0_FA |full_adder__0_263  |    4|        4
53   |      HA1        |half_adder__0_262  |    2|        3
54   |      HA2        |half_adder__0_259  |    1|        1
55   |    genblk1_1_FA |full_adder__0_255  |    5|        6
56   |      HA1        |half_adder__0_254  |    2|        3
57   |      HA2        |half_adder__0_251  |    2|        3
58   |    genblk1_2_FA |full_adder__0_247  |    5|        6
59   |      HA1        |half_adder__0_246  |    2|        3
60   |      HA2        |half_adder__0_243  |    2|        3
61   |    genblk1_3_FA |full_adder__0_239  |    5|        6
62   |      HA1        |half_adder__0_238  |    2|        3
63   |      HA2        |half_adder__0_235  |    2|        3
64   |    genblk1_4_FA |full_adder__0_231  |    5|        6
65   |      HA1        |half_adder__0_230  |    2|        3
66   |      HA2        |half_adder__0_227  |    2|        3
67   |    genblk1_5_FA |full_adder__0_223  |    5|        6
68   |      HA1        |half_adder__0_222  |    2|        3
69   |      HA2        |half_adder__0_219  |    2|        3
70   |    genblk1_6_FA |full_adder__0_215  |    5|        6
71   |      HA1        |half_adder__0_214  |    2|        3
72   |      HA2        |half_adder__0_211  |    2|        3
73   |    genblk1_7_FA |full_adder__0_207  |    5|        6
74   |      HA1        |half_adder__0_206  |    2|        3
75   |      HA2        |half_adder__0_203  |    2|        3
76   |  genblk1_2_rbl_0|ripple_adder__0_330|   37|       47
77   |    genblk1_0_FA |full_adder__0_329  |    2|        3
78   |      HA1        |half_adder__0_328  |    2|        3
79   |    genblk1_1_FA |full_adder__0_321  |    5|        6
80   |      HA1        |half_adder__0_320  |    2|        3
81   |      HA2        |half_adder__0_317  |    2|        3
82   |    genblk1_2_FA |full_adder__0_313  |    5|        6
83   |      HA1        |half_adder__0_312  |    2|        3
84   |      HA2        |half_adder__0_309  |    2|        3
85   |    genblk1_3_FA |full_adder__0_305  |    5|        6
86   |      HA1        |half_adder__0_304  |    2|        3
87   |      HA2        |half_adder__0_301  |    2|        3
88   |    genblk1_4_FA |full_adder__0_297  |    5|        6
89   |      HA1        |half_adder__0_296  |    2|        3
90   |      HA2        |half_adder__0_293  |    2|        3
91   |    genblk1_5_FA |full_adder__0_289  |    5|        6
92   |      HA1        |half_adder__0_288  |    2|        3
93   |      HA2        |half_adder__0_285  |    2|        3
94   |    genblk1_6_FA |full_adder__0_281  |    5|        6
95   |      HA1        |half_adder__0_280  |    2|        3
96   |      HA2        |half_adder__0_277  |    2|        3
97   |    genblk1_7_FA |full_adder__0_273  |    5|        6
98   |      HA1        |half_adder__0_272  |    2|        3
99   |      HA2        |half_adder__0_269  |    2|        3
100  |  genblk1_1_rbl_1|ripple_adder__0_396|   39|       49
101  |    genblk1_0_FA |full_adder__0_395  |    4|        4
102  |      HA1        |half_adder__0_394  |    2|        3
103  |      HA2        |half_adder__0_391  |    1|        1
104  |    genblk1_1_FA |full_adder__0_387  |    5|        6
105  |      HA1        |half_adder__0_386  |    2|        3
106  |      HA2        |half_adder__0_383  |    2|        3
107  |    genblk1_2_FA |full_adder__0_379  |    5|        6
108  |      HA1        |half_adder__0_378  |    2|        3
109  |      HA2        |half_adder__0_375  |    2|        3
110  |    genblk1_3_FA |full_adder__0_371  |    5|        6
111  |      HA1        |half_adder__0_370  |    2|        3
112  |      HA2        |half_adder__0_367  |    2|        3
113  |    genblk1_4_FA |full_adder__0_363  |    5|        6
114  |      HA1        |half_adder__0_362  |    2|        3
115  |      HA2        |half_adder__0_359  |    2|        3
116  |    genblk1_5_FA |full_adder__0_355  |    5|        6
117  |      HA1        |half_adder__0_354  |    2|        3
118  |      HA2        |half_adder__0_351  |    2|        3
119  |    genblk1_6_FA |full_adder__0_347  |    5|        6
120  |      HA1        |half_adder__0_346  |    2|        3
121  |      HA2        |half_adder__0_343  |    2|        3
122  |    genblk1_7_FA |full_adder__0_339  |    5|        6
123  |      HA1        |half_adder__0_338  |    2|        3
124  |      HA2        |half_adder__0_335  |    2|        3
125  |  genblk1_1_rbl_0|ripple_adder__0_462|   37|       47
126  |    genblk1_0_FA |full_adder__0_461  |    2|        3
127  |      HA1        |half_adder__0_460  |    2|        3
128  |    genblk1_1_FA |full_adder__0_453  |    5|        6
129  |      HA1        |half_adder__0_452  |    2|        3
130  |      HA2        |half_adder__0_449  |    2|        3
131  |    genblk1_2_FA |full_adder__0_445  |    5|        6
132  |      HA1        |half_adder__0_444  |    2|        3
133  |      HA2        |half_adder__0_441  |    2|        3
134  |    genblk1_3_FA |full_adder__0_437  |    5|        6
135  |      HA1        |half_adder__0_436  |    2|        3
136  |      HA2        |half_adder__0_433  |    2|        3
137  |    genblk1_4_FA |full_adder__0_429  |    5|        6
138  |      HA1        |half_adder__0_428  |    2|        3
139  |      HA2        |half_adder__0_425  |    2|        3
140  |    genblk1_5_FA |full_adder__0_421  |    5|        6
141  |      HA1        |half_adder__0_420  |    2|        3
142  |      HA2        |half_adder__0_417  |    2|        3
143  |    genblk1_6_FA |full_adder__0_413  |    5|        6
144  |      HA1        |half_adder__0_412  |    2|        3
145  |      HA2        |half_adder__0_409  |    2|        3
146  |    genblk1_7_FA |full_adder__0_405  |    5|        6
147  |      HA1        |half_adder__0_404  |    2|        3
148  |      HA2        |half_adder__0_401  |    2|        3
149  |  genblk1_0_rbl_1|ripple_adder__0_528|   39|       49
150  |    genblk1_0_FA |full_adder__0_527  |    4|        4
151  |      HA1        |half_adder__0_526  |    2|        3
152  |      HA2        |half_adder__0_523  |    1|        1
153  |    genblk1_1_FA |full_adder__0_519  |    5|        6
154  |      HA1        |half_adder__0_518  |    2|        3
155  |      HA2        |half_adder__0_515  |    2|        3
156  |    genblk1_2_FA |full_adder__0_511  |    5|        6
157  |      HA1        |half_adder__0_510  |    2|        3
158  |      HA2        |half_adder__0_507  |    2|        3
159  |    genblk1_3_FA |full_adder__0_503  |    5|        6
160  |      HA1        |half_adder__0_502  |    2|        3
161  |      HA2        |half_adder__0_499  |    2|        3
162  |    genblk1_4_FA |full_adder__0_495  |    5|        6
163  |      HA1        |half_adder__0_494  |    2|        3
164  |      HA2        |half_adder__0_491  |    2|        3
165  |    genblk1_5_FA |full_adder__0_487  |    5|        6
166  |      HA1        |half_adder__0_486  |    2|        3
167  |      HA2        |half_adder__0_483  |    2|        3
168  |    genblk1_6_FA |full_adder__0_479  |    5|        6
169  |      HA1        |half_adder__0_478  |    2|        3
170  |      HA2        |half_adder__0_475  |    2|        3
171  |    genblk1_7_FA |full_adder__0_471  |    5|        6
172  |      HA1        |half_adder__0_470  |    2|        3
173  |      HA2        |half_adder__0_467  |    2|        3
174  |  genblk1_0_rbl_0|ripple_adder       |   37|       47
175  |    genblk1_0_FA |full_adder__0_18   |    2|        3
176  |      HA1        |half_adder__0_17   |    2|        3
177  |    genblk1_1_FA |full_adder__0_26   |    5|        6
178  |      HA1        |half_adder__0_25   |    2|        3
179  |      HA2        |half_adder__0_22   |    2|        3
180  |    genblk1_2_FA |full_adder__0_34   |    5|        6
181  |      HA1        |half_adder__0_33   |    2|        3
182  |      HA2        |half_adder__0_30   |    2|        3
183  |    genblk1_3_FA |full_adder__0_42   |    5|        6
184  |      HA1        |half_adder__0_41   |    2|        3
185  |      HA2        |half_adder__0_38   |    2|        3
186  |    genblk1_4_FA |full_adder__0_50   |    5|        6
187  |      HA1        |half_adder__0_49   |    2|        3
188  |      HA2        |half_adder__0_46   |    2|        3
189  |    genblk1_5_FA |full_adder__0_58   |    5|        6
190  |      HA1        |half_adder__0_57   |    2|        3
191  |      HA2        |half_adder__0_54   |    2|        3
192  |    genblk1_6_FA |full_adder__0_66   |    5|        6
193  |      HA1        |half_adder__0_65   |    2|        3
194  |      HA2        |half_adder__0_62   |    2|        3
195  |    genblk1_7_FA |full_adder         |    5|        6
196  |      HA1        |half_adder__0_10   |    2|        3
197  |      HA2        |half_adder         |    2|        3
-----+-----------------+-------------------+-----+---------
