Report End Points: 
-----+-------+------+-------+-----+-----+-----+-----+-----------+---------
     |Group  |Launch|Capture|Shift|Delay|Depth|Slack|Begin Point|End Point
-----+-------+------+-------+-----+-----+-----+-----+-----------+---------
1    |default|      |       |     |     |     |     |           |         
-----+-------+------+-------+-----+-----+-----+-----+-----------+---------
Report End Points: 
-----+-----+------+-------+-----+-----+-----+-----+-----------+---------
     |Group|Launch|Capture|Shift|Delay|Depth|Slack|Begin Point|End Point
-----+-----+------+-------+-----+-----+-----+-----+-----------+---------
1    |I2R  |      |       |     |     |     |     |           |         
-----+-----+------+-------+-----+-----+-----+-----+-----------+---------
Report End Points: 
-----+-----+-------+-------+-------+------+-----+-------+-----------+---------
     |Group|Launch |Capture|Shift  |Delay |Depth|Slack  |Begin Point|End Point
-----+-----+-------+-------+-------+------+-----+-------+-----------+---------
1    |I2O  |vsysclk|vsysclk|20000.0|1124.7|   21|17375.3|B[0]       |OF       
2    |I2O  |vsysclk|vsysclk|20000.0|1014.8|   20|17485.2|B[0]       |Cout     
3    |I2O  |vsysclk|vsysclk|20000.0|1012.4|   20|17487.6|B[0]       |S[31]    
4    |I2O  |vsysclk|vsysclk|20000.0|1012.4|   20|17487.6|B[0]       |S[29]    
5    |I2O  |vsysclk|vsysclk|20000.0|1012.4|   20|17487.6|B[0]       |S[28]    
6    |I2O  |vsysclk|vsysclk|20000.0|1012.4|   20|17487.6|B[0]       |S[24]    
7    |I2O  |vsysclk|vsysclk|20000.0|1012.3|   20|17487.7|B[0]       |S[30]    
8    |I2O  |vsysclk|vsysclk|20000.0|1012.3|   20|17487.7|B[0]       |S[27]    
9    |I2O  |vsysclk|vsysclk|20000.0|1012.3|   20|17487.7|B[0]       |S[26]    
10   |I2O  |vsysclk|vsysclk|20000.0|1012.3|   20|17487.7|B[0]       |S[25]    
11   |I2O  |vsysclk|vsysclk|20000.0| 947.2|   19|17552.8|B[0]       |S[23]    
12   |I2O  |vsysclk|vsysclk|20000.0| 947.2|   19|17552.8|B[0]       |S[21]    
13   |I2O  |vsysclk|vsysclk|20000.0| 947.2|   19|17552.8|B[0]       |S[20]    
14   |I2O  |vsysclk|vsysclk|20000.0| 947.2|   19|17552.8|B[0]       |S[16]    
15   |I2O  |vsysclk|vsysclk|20000.0| 947.0|   19|17553.0|B[0]       |S[22]    
16   |I2O  |vsysclk|vsysclk|20000.0| 947.0|   19|17553.0|B[0]       |S[19]    
17   |I2O  |vsysclk|vsysclk|20000.0| 947.0|   19|17553.0|B[0]       |S[18]    
18   |I2O  |vsysclk|vsysclk|20000.0| 947.0|   19|17553.0|B[0]       |S[17]    
19   |I2O  |vsysclk|vsysclk|20000.0| 822.9|   18|17677.1|B[0]       |S[15]    
20   |I2O  |vsysclk|vsysclk|20000.0| 822.9|   18|17677.1|B[0]       |S[13]    
21   |I2O  |vsysclk|vsysclk|20000.0| 822.9|   18|17677.1|B[0]       |S[12]    
22   |I2O  |vsysclk|vsysclk|20000.0| 822.9|   18|17677.1|B[0]       |S[8]     
23   |I2O  |vsysclk|vsysclk|20000.0| 822.8|   18|17677.2|B[0]       |S[11]    
24   |I2O  |vsysclk|vsysclk|20000.0| 822.7|   18|17677.3|B[0]       |S[14]    
25   |I2O  |vsysclk|vsysclk|20000.0| 822.7|   18|17677.3|B[0]       |S[10]    
26   |I2O  |vsysclk|vsysclk|20000.0| 822.7|   18|17677.3|B[0]       |S[9]     
27   |I2O  |vsysclk|vsysclk|20000.0| 742.7|   16|17757.3|B[0]       |S[7]     
28   |I2O  |vsysclk|vsysclk|20000.0| 672.7|   14|17827.3|B[0]       |S[6]     
29   |I2O  |vsysclk|vsysclk|20000.0| 603.1|   12|17896.9|B[0]       |S[5]     
30   |I2O  |vsysclk|vsysclk|20000.0| 533.3|   10|17966.7|B[0]       |S[4]     
31   |I2O  |vsysclk|vsysclk|20000.0| 463.3|    8|18036.7|B[0]       |S[3]     
32   |I2O  |vsysclk|vsysclk|20000.0| 393.5|    6|18106.5|B[0]       |S[2]     
33   |I2O  |vsysclk|vsysclk|20000.0| 323.7|    4|18176.3|B[0]       |S[1]     
34   |I2O  |vsysclk|vsysclk|20000.0| 187.1|    3|18312.9|B[0]       |S[0]     
-----+-----+-------+-------+-------+------+-----+-------+-----------+---------
Report End Points: 
-----+-----+------+-------+-----+-----+-----+-----+-----------+---------
     |Group|Launch|Capture|Shift|Delay|Depth|Slack|Begin Point|End Point
-----+-----+------+-------+-----+-----+-----+-----+-----------+---------
1    |R2O  |      |       |     |     |     |     |           |         
-----+-----+------+-------+-----+-----+-----+-----+-----------+---------
