Report End Points: 
-----+-------+------+-------+-----+-----+-----+-----+-----------+---------
     |Group  |Launch|Capture|Shift|Delay|Depth|Slack|Begin Point|End Point
-----+-------+------+-------+-----+-----+-----+-----+-----------+---------
1    |default|      |       |     |     |     |     |           |         
-----+-------+------+-------+-----+-----+-----+-----+-----------+---------
Report End Points: 
-----+-----+------+-------+-----+-----+-----+-----+-----------+---------
     |Group|Launch|Capture|Shift|Delay|Depth|Slack|Begin Point|End Point
-----+-----+------+-------+-----+-----+-----+-----+-----------+---------
1    |I2R  |      |       |     |     |     |     |           |         
-----+-----+------+-------+-----+-----+-----+-----+-----------+---------
Report End Points: 
-----+-----+-------+-------+-------+------+-----+-------+-----------+---------
     |Group|Launch |Capture|Shift  |Delay |Depth|Slack  |Begin Point|End Point
-----+-----+-------+-------+-------+------+-----+-------+-----------+---------
1    |I2O  |vsysclk|vsysclk|20000.0|2329.9|   65|16170.1|in2[0]     |OF       
2    |I2O  |vsysclk|vsysclk|20000.0|2263.0|   64|16237.0|in2[0]     |s[31]    
3    |I2O  |vsysclk|vsysclk|20000.0|2257.9|   65|16242.1|in2[0]     |cout     
4    |I2O  |vsysclk|vsysclk|20000.0|2174.5|   62|16325.5|in2[0]     |s[30]    
5    |I2O  |vsysclk|vsysclk|20000.0|2104.7|   60|16395.3|in2[0]     |s[29]    
6    |I2O  |vsysclk|vsysclk|20000.0|2034.9|   58|16465.1|in2[0]     |s[28]    
7    |I2O  |vsysclk|vsysclk|20000.0|1965.1|   56|16534.9|in2[0]     |s[27]    
8    |I2O  |vsysclk|vsysclk|20000.0|1895.3|   54|16604.7|in2[0]     |s[26]    
9    |I2O  |vsysclk|vsysclk|20000.0|1825.5|   52|16674.5|in2[0]     |s[25]    
10   |I2O  |vsysclk|vsysclk|20000.0|1755.7|   50|16744.3|in2[0]     |s[24]    
11   |I2O  |vsysclk|vsysclk|20000.0|1685.9|   48|16814.1|in2[0]     |s[23]    
12   |I2O  |vsysclk|vsysclk|20000.0|1616.1|   46|16883.9|in2[0]     |s[22]    
13   |I2O  |vsysclk|vsysclk|20000.0|1546.3|   44|16953.7|in2[0]     |s[21]    
14   |I2O  |vsysclk|vsysclk|20000.0|1476.5|   42|17023.5|in2[0]     |s[20]    
15   |I2O  |vsysclk|vsysclk|20000.0|1406.7|   40|17093.3|in2[0]     |s[19]    
16   |I2O  |vsysclk|vsysclk|20000.0|1336.9|   38|17163.1|in2[0]     |s[18]    
17   |I2O  |vsysclk|vsysclk|20000.0|1267.1|   36|17232.9|in2[0]     |s[17]    
18   |I2O  |vsysclk|vsysclk|20000.0|1197.3|   34|17302.7|in2[0]     |s[16]    
19   |I2O  |vsysclk|vsysclk|20000.0|1127.5|   32|17372.5|in2[0]     |s[15]    
20   |I2O  |vsysclk|vsysclk|20000.0|1057.7|   30|17442.3|in2[0]     |s[14]    
21   |I2O  |vsysclk|vsysclk|20000.0| 987.9|   28|17512.1|in2[0]     |s[13]    
22   |I2O  |vsysclk|vsysclk|20000.0| 918.1|   26|17581.9|in2[0]     |s[12]    
23   |I2O  |vsysclk|vsysclk|20000.0| 848.3|   24|17651.7|in2[0]     |s[11]    
24   |I2O  |vsysclk|vsysclk|20000.0| 778.5|   22|17721.5|in2[0]     |s[10]    
25   |I2O  |vsysclk|vsysclk|20000.0| 708.7|   20|17791.3|in2[0]     |s[9]     
26   |I2O  |vsysclk|vsysclk|20000.0| 638.9|   18|17861.1|in2[0]     |s[8]     
27   |I2O  |vsysclk|vsysclk|20000.0| 569.1|   16|17930.9|in2[0]     |s[7]     
28   |I2O  |vsysclk|vsysclk|20000.0| 499.3|   14|18000.7|in2[0]     |s[6]     
29   |I2O  |vsysclk|vsysclk|20000.0| 429.5|   12|18070.5|in2[0]     |s[5]     
30   |I2O  |vsysclk|vsysclk|20000.0| 359.7|   10|18140.3|in2[0]     |s[4]     
31   |I2O  |vsysclk|vsysclk|20000.0| 289.9|    8|18210.1|in2[0]     |s[3]     
32   |I2O  |vsysclk|vsysclk|20000.0| 220.1|    6|18279.9|in2[0]     |s[2]     
33   |I2O  |vsysclk|vsysclk|20000.0| 150.3|    4|18349.7|in2[0]     |s[1]     
34   |I2O  |vsysclk|vsysclk|20000.0|  94.7|    2|18405.3|in2[0]     |s[0]     
-----+-----+-------+-------+-------+------+-----+-------+-----------+---------
Report End Points: 
-----+-----+------+-------+-----+-----+-----+-----+-----------+---------
     |Group|Launch|Capture|Shift|Delay|Depth|Slack|Begin Point|End Point
-----+-----+------+-------+-----+-----+-----+-----+-----------+---------
1    |R2O  |      |       |     |     |     |     |           |         
-----+-----+------+-------+-----+-----+-----+-----+-----------+---------
