Report for group default
Report for group I2R
Report for group I2O
------------------------------------------------------------------------------------------------------------------------------------------------------------
Startpoint: in2[0]
    (Clocked by vsysclk R)
Endpoint: OF
    (Clocked by vsysclk R)
Path Group: I2O
Data required time: 19500.0
    (Clock shift: 20000.0, minus Uncertainty: 0.0, plus Latency 0.0, minus Out delay: 500.0)
Data arrival time: 3329.9
Slack: 16170.1
Logic depth: 65
------------------------------------------------------------------------------------------------------------------------------------------------------------
                                                     Arrival               Arc      Net               Net    Total   fan-                                   
Path                     Module/Cell           Edge     Time    Delay    Delay    Delay     Slew     Load     Load    out     Location Power Domain      (V)
                                                        (ps)     (ps)     (ps)     (ps)     (ps)     (ff)     (ff)    (#)      (um,um)                      
------------------------------------------------------------------------------------------------------------------------------------------------------------
in2[0]                   {set_input_delay}        r   1000.0   1000.0   1000.0                        2.2      8.2      2    79,   39                       
genblk1_0_FA/HA1/i_0_0/B->Z
                         XOR2_X2                 rf   1015.5     15.3     15.3      0.0   1000.0      0.5      6.2      2    40,   39  /PD_TOP        (1.10)
genblk1_0_FA/HA2/i_0_1/A2->ZN
                         AND2_X4                 ff   1045.5     30.0     30.0      0.0     13.7      0.3      2.5      1    40,   39  /PD_TOP        (1.10)
genblk1_0_FA/i_0_0/A2->ZN
                         OR2_X4                  ff   1090.2     44.7     44.7      0.0      5.1      0.5      5.9      2    40,   39  /PD_TOP        (1.10)
genblk1_1_FA/HA2/i_0_1/A1->ZN
                         AND2_X4                 ff   1115.3     25.3     25.1      0.2      8.7      0.3      2.5      1    40,   39  /PD_TOP        (1.10)
genblk1_1_FA/i_0_0/A2->ZN
                         OR2_X4                  ff   1160.0     44.7     44.7      0.0      5.1      0.5      5.9      2    40,   39  /PD_TOP        (1.10)
genblk1_2_FA/HA2/i_0_1/A1->ZN
                         AND2_X4                 ff   1185.1     25.1     25.1      0.0      8.7      0.3      2.5      1    40,   39  /PD_TOP        (1.10)
genblk1_2_FA/i_0_0/A2->ZN
                         OR2_X4                  ff   1229.8     44.7     44.7      0.0      5.1      0.5      5.9      2    40,   39  /PD_TOP        (1.10)
genblk1_3_FA/HA2/i_0_1/A1->ZN
                         AND2_X4                 ff   1254.9     25.1     25.1      0.0      8.7      0.3      2.5      1    40,   39  /PD_TOP        (1.10)
genblk1_3_FA/i_0_0/A2->ZN
                         OR2_X4                  ff   1299.6     44.7     44.7      0.0      5.1      0.5      5.9      2    40,   39  /PD_TOP        (1.10)
genblk1_4_FA/HA2/i_0_1/A1->ZN
                         AND2_X4                 ff   1324.7     25.1     25.1      0.0      8.7      0.3      2.5      1    40,   39  /PD_TOP        (1.10)
genblk1_4_FA/i_0_0/A2->ZN
                         OR2_X4                  ff   1369.4     44.7     44.7      0.0      5.1      0.5      5.9      2    40,   39  /PD_TOP        (1.10)
genblk1_5_FA/HA2/i_0_1/A1->ZN
                         AND2_X4                 ff   1394.5     25.1     25.1      0.0      8.7      0.3      2.5      1    40,   39  /PD_TOP        (1.10)
genblk1_5_FA/i_0_0/A2->ZN
                         OR2_X4                  ff   1439.2     44.7     44.7      0.0      5.1      0.5      5.9      2    40,   39  /PD_TOP        (1.10)
genblk1_6_FA/HA2/i_0_1/A1->ZN
                         AND2_X4                 ff   1464.3     25.1     25.1      0.0      8.7      0.3      2.5      1    40,   39  /PD_TOP        (1.10)
genblk1_6_FA/i_0_0/A2->ZN
                         OR2_X4                  ff   1509.0     44.7     44.7      0.0      5.1      0.5      5.9      2    40,   39  /PD_TOP        (1.10)
genblk1_7_FA/HA2/i_0_1/A1->ZN
                         AND2_X4                 ff   1534.1     25.1     25.1      0.0      8.7      0.3      2.5      1    40,   39  /PD_TOP        (1.10)
genblk1_7_FA/i_0_0/A2->ZN
                         OR2_X4                  ff   1578.8     44.7     44.7      0.0      5.1      0.5      5.9      2    40,   39  /PD_TOP        (1.10)
genblk1_8_FA/HA2/i_0_1/A1->ZN
                         AND2_X4                 ff   1603.9     25.1     25.1      0.0      8.7      0.3      2.5      1    40,   39  /PD_TOP        (1.10)
genblk1_8_FA/i_0_0/A2->ZN
                         OR2_X4                  ff   1648.6     44.7     44.7      0.0      5.1      0.5      5.9      2    40,   39  /PD_TOP        (1.10)
genblk1_9_FA/HA2/i_0_1/A1->ZN
                         AND2_X4                 ff   1673.7     25.1     25.1      0.0      8.7      0.3      2.5      1    40,   39  /PD_TOP        (1.10)
genblk1_9_FA/i_0_0/A2->ZN
                         OR2_X4                  ff   1718.4     44.7     44.7      0.0      5.1      0.5      5.9      2    40,   39  /PD_TOP        (1.10)
genblk1_10_FA/HA2/i_0_1/A1->ZN
                         AND2_X4                 ff   1743.5     25.1     25.1      0.0      8.7      0.3      2.5      1    40,   39  /PD_TOP        (1.10)
genblk1_10_FA/i_0_0/A2->ZN
                         OR2_X4                  ff   1788.2     44.7     44.7      0.0      5.1      0.5      5.9      2    40,   39  /PD_TOP        (1.10)
genblk1_11_FA/HA2/i_0_1/A1->ZN
                         AND2_X4                 ff   1813.3     25.1     25.1      0.0      8.7      0.3      2.5      1    40,   39  /PD_TOP        (1.10)
genblk1_11_FA/i_0_0/A2->ZN
                         OR2_X4                  ff   1858.0     44.7     44.7      0.0      5.1      0.5      5.9      2    40,   39  /PD_TOP        (1.10)
genblk1_12_FA/HA2/i_0_1/A1->ZN
                         AND2_X4                 ff   1883.1     25.1     25.1      0.0      8.7      0.3      2.5      1    40,   39  /PD_TOP        (1.10)
genblk1_12_FA/i_0_0/A2->ZN
                         OR2_X4                  ff   1927.8     44.7     44.7      0.0      5.1      0.5      5.9      2    40,   39  /PD_TOP        (1.10)
genblk1_13_FA/HA2/i_0_1/A1->ZN
                         AND2_X4                 ff   1952.9     25.1     25.1      0.0      8.7      0.3      2.5      1    40,   39  /PD_TOP        (1.10)
genblk1_13_FA/i_0_0/A2->ZN
                         OR2_X4                  ff   1997.6     44.7     44.7      0.0      5.1      0.5      5.9      2    40,   39  /PD_TOP        (1.10)
genblk1_14_FA/HA2/i_0_1/A1->ZN
                         AND2_X4                 ff   2022.7     25.1     25.1      0.0      8.7      0.3      2.5      1    40,   39  /PD_TOP        (1.10)
genblk1_14_FA/i_0_0/A2->ZN
                         OR2_X4                  ff   2067.4     44.7     44.7      0.0      5.1      0.5      5.9      2    40,   39  /PD_TOP        (1.10)
genblk1_15_FA/HA2/i_0_1/A1->ZN
                         AND2_X4                 ff   2092.5     25.1     25.1      0.0      8.7      0.3      2.5      1    40,   39  /PD_TOP        (1.10)
genblk1_15_FA/i_0_0/A2->ZN
                         OR2_X4                  ff   2137.2     44.7     44.7      0.0      5.1      0.5      5.9      2    40,   39  /PD_TOP        (1.10)
genblk1_16_FA/HA2/i_0_1/A1->ZN
                         AND2_X4                 ff   2162.3     25.1     25.1      0.0      8.7      0.3      2.5      1    40,   39  /PD_TOP        (1.10)
genblk1_16_FA/i_0_0/A2->ZN
                         OR2_X4                  ff   2207.0     44.7     44.7      0.0      5.1      0.5      5.9      2    40,   39  /PD_TOP        (1.10)
genblk1_17_FA/HA2/i_0_1/A1->ZN
                         AND2_X4                 ff   2232.1     25.1     25.1      0.0      8.7      0.3      2.5      1    40,   39  /PD_TOP        (1.10)
genblk1_17_FA/i_0_0/A2->ZN
                         OR2_X4                  ff   2276.8     44.7     44.7      0.0      5.1      0.5      5.9      2    40,   39  /PD_TOP        (1.10)
genblk1_18_FA/HA2/i_0_1/A1->ZN
                         AND2_X4                 ff   2301.9     25.1     25.1      0.0      8.7      0.3      2.5      1    40,   39  /PD_TOP        (1.10)
genblk1_18_FA/i_0_0/A2->ZN
                         OR2_X4                  ff   2346.6     44.7     44.7      0.0      5.1      0.5      5.9      2    40,   39  /PD_TOP        (1.10)
genblk1_19_FA/HA2/i_0_1/A1->ZN
                         AND2_X4                 ff   2371.7     25.1     25.1      0.0      8.7      0.3      2.5      1    40,   39  /PD_TOP        (1.10)
genblk1_19_FA/i_0_0/A2->ZN
                         OR2_X4                  ff   2416.4     44.7     44.7      0.0      5.1      0.5      5.9      2    40,   39  /PD_TOP        (1.10)
genblk1_20_FA/HA2/i_0_1/A1->ZN
                         AND2_X4                 ff   2441.5     25.1     25.1      0.0      8.7      0.3      2.5      1    40,   39  /PD_TOP        (1.10)
genblk1_20_FA/i_0_0/A2->ZN
                         OR2_X4                  ff   2486.2     44.7     44.7      0.0      5.1      0.5      5.9      2    40,   39  /PD_TOP        (1.10)
genblk1_21_FA/HA2/i_0_1/A1->ZN
                         AND2_X4                 ff   2511.3     25.1     25.1      0.0      8.7      0.3      2.5      1    40,   39  /PD_TOP        (1.10)
genblk1_21_FA/i_0_0/A2->ZN
                         OR2_X4                  ff   2556.0     44.7     44.7      0.0      5.1      0.5      5.9      2    40,   39  /PD_TOP        (1.10)
genblk1_22_FA/HA2/i_0_1/A1->ZN
                         AND2_X4                 ff   2581.1     25.1     25.1      0.0      8.7      0.3      2.5      1    40,   39  /PD_TOP        (1.10)
genblk1_22_FA/i_0_0/A2->ZN
                         OR2_X4                  ff   2625.8     44.7     44.7      0.0      5.1      0.5      5.9      2    40,   39  /PD_TOP        (1.10)
genblk1_23_FA/HA2/i_0_1/A1->ZN
                         AND2_X4                 ff   2650.9     25.1     25.1      0.0      8.7      0.3      2.5      1    40,   39  /PD_TOP        (1.10)
genblk1_23_FA/i_0_0/A2->ZN
                         OR2_X4                  ff   2695.6     44.7     44.7      0.0      5.1      0.5      5.9      2    40,   39  /PD_TOP        (1.10)
genblk1_24_FA/HA2/i_0_1/A1->ZN
                         AND2_X4                 ff   2720.7     25.1     25.1      0.0      8.7      0.3      2.5      1    40,   39  /PD_TOP        (1.10)
genblk1_24_FA/i_0_0/A2->ZN
                         OR2_X4                  ff   2765.4     44.7     44.7      0.0      5.1      0.5      5.9      2    40,   39  /PD_TOP        (1.10)
genblk1_25_FA/HA2/i_0_1/A1->ZN
                         AND2_X4                 ff   2790.5     25.1     25.1      0.0      8.7      0.3      2.5      1    40,   39  /PD_TOP        (1.10)
genblk1_25_FA/i_0_0/A2->ZN
                         OR2_X4                  ff   2835.2     44.7     44.7      0.0      5.1      0.5      5.9      2    40,   39  /PD_TOP        (1.10)
genblk1_26_FA/HA2/i_0_1/A1->ZN
                         AND2_X4                 ff   2860.3     25.1     25.1      0.0      8.7      0.3      2.5      1    40,   39  /PD_TOP        (1.10)
genblk1_26_FA/i_0_0/A2->ZN
                         OR2_X4                  ff   2905.0     44.7     44.7      0.0      5.1      0.5      5.9      2    40,   39  /PD_TOP        (1.10)
genblk1_27_FA/HA2/i_0_1/A1->ZN
                         AND2_X4                 ff   2930.1     25.1     25.1      0.0      8.7      0.3      2.5      1    40,   39  /PD_TOP        (1.10)
genblk1_27_FA/i_0_0/A2->ZN
                         OR2_X4                  ff   2974.8     44.7     44.7      0.0      5.1      0.5      5.9      2    40,   39  /PD_TOP        (1.10)
genblk1_28_FA/HA2/i_0_1/A1->ZN
                         AND2_X4                 ff   2999.9     25.1     25.1      0.0      8.7      0.3      2.5      1    40,   39  /PD_TOP        (1.10)
genblk1_28_FA/i_0_0/A2->ZN
                         OR2_X4                  ff   3044.6     44.7     44.7      0.0      5.1      0.5      5.9      2    40,   39  /PD_TOP        (1.10)
genblk1_29_FA/HA2/i_0_1/A1->ZN
                         AND2_X4                 ff   3069.7     25.1     25.1      0.0      8.7      0.3      2.5      1    40,   39  /PD_TOP        (1.10)
genblk1_29_FA/i_0_0/A2->ZN
                         OR2_X4                  ff   3114.4     44.7     44.7      0.0      5.1      0.5      5.9      2    40,   39  /PD_TOP        (1.10)
genblk1_30_FA/HA2/i_0_1/A1->ZN
                         AND2_X4                 ff   3139.5     25.1     25.1      0.0      8.7      0.3      2.5      1    40,   39  /PD_TOP        (1.10)
genblk1_30_FA/i_0_0/A2->ZN
                         OR2_X4                  ff   3184.2     44.7     44.7      0.0      5.1      0.5      5.9      2    40,   39  /PD_TOP        (1.10)
genblk1_31_FA/HA2/i_0_0/A->Z
                         XOR2_X2*                fr   3281.0     96.8     96.8      0.0      8.7      0.6     40.1      3    40,   39  /PD_TOP        (1.10)
i_0_0_3/A3->ZN           OAI33_X1                rf   3329.7     48.7     48.7      0.0     15.3      2.4     12.4      1    40,   39  /PD_TOP        (1.10)
OF                                                f   3329.9      0.2               0.2     33.9                             79,   36                       
------------------------------------------------------------------------------------------------------------------------------------------------------------
Report for group R2O
