Report End Points: 
-----+-------+------+-------+-----+-----+-----+-----+-----------+---------
     |Group  |Launch|Capture|Shift|Delay|Depth|Slack|Begin Point|End Point
-----+-------+------+-------+-----+-----+-----+-----+-----------+---------
1    |default|      |       |     |     |     |     |           |         
-----+-------+------+-------+-----+-----+-----+-----+-----------+---------
Report End Points: 
-----+-----+------+-------+-----+-----+-----+-----+-----------+---------
     |Group|Launch|Capture|Shift|Delay|Depth|Slack|Begin Point|End Point
-----+-----+------+-------+-----+-----+-----+-----+-----------+---------
1    |I2R  |      |       |     |     |     |     |           |         
-----+-----+------+-------+-----+-----+-----+-----+-----------+---------
Report End Points: 
-----+-----+-------+-------+-------+------+-----+-------+-----------+---------
     |Group|Launch |Capture|Shift  |Delay |Depth|Slack  |Begin Point|End Point
-----+-----+-------+-------+-------+------+-----+-------+-----------+---------
1    |I2O  |vsysclk|vsysclk|20000.0|1787.4|   34|16712.6|cin        |OF       
2    |I2O  |vsysclk|vsysclk|20000.0|1732.3|   32|16767.7|cin        |Sum[31]  
3    |I2O  |vsysclk|vsysclk|20000.0|1655.4|   31|16844.6|cin        |Sum[30]  
4    |I2O  |vsysclk|vsysclk|20000.0|1607.6|   30|16892.4|cin        |Sum[29]  
5    |I2O  |vsysclk|vsysclk|20000.0|1559.8|   29|16940.2|cin        |Sum[28]  
6    |I2O  |vsysclk|vsysclk|20000.0|1512.0|   28|16988.0|cin        |Sum[27]  
7    |I2O  |vsysclk|vsysclk|20000.0|1464.2|   27|17035.8|cin        |Sum[26]  
8    |I2O  |vsysclk|vsysclk|20000.0|1416.4|   26|17083.6|cin        |Sum[25]  
9    |I2O  |vsysclk|vsysclk|20000.0|1368.6|   25|17131.4|cin        |Sum[24]  
10   |I2O  |vsysclk|vsysclk|20000.0|1320.8|   24|17179.2|cin        |Sum[23]  
11   |I2O  |vsysclk|vsysclk|20000.0|1273.0|   23|17227.0|cin        |Sum[22]  
12   |I2O  |vsysclk|vsysclk|20000.0|1225.2|   22|17274.8|cin        |Sum[21]  
13   |I2O  |vsysclk|vsysclk|20000.0|1177.4|   21|17322.6|cin        |Sum[20]  
14   |I2O  |vsysclk|vsysclk|20000.0|1129.6|   20|17370.4|cin        |Sum[19]  
15   |I2O  |vsysclk|vsysclk|20000.0|1081.8|   19|17418.2|cin        |Sum[18]  
16   |I2O  |vsysclk|vsysclk|20000.0|1034.0|   18|17466.0|cin        |Sum[17]  
17   |I2O  |vsysclk|vsysclk|20000.0| 986.2|   17|17513.8|cin        |Sum[16]  
18   |I2O  |vsysclk|vsysclk|20000.0| 938.4|   16|17561.6|cin        |Sum[15]  
19   |I2O  |vsysclk|vsysclk|20000.0| 890.6|   15|17609.4|cin        |Sum[14]  
20   |I2O  |vsysclk|vsysclk|20000.0| 842.8|   14|17657.2|cin        |Sum[13]  
21   |I2O  |vsysclk|vsysclk|20000.0| 795.0|   13|17705.0|cin        |Sum[12]  
22   |I2O  |vsysclk|vsysclk|20000.0| 747.1|   12|17752.9|cin        |Sum[11]  
23   |I2O  |vsysclk|vsysclk|20000.0| 699.3|   11|17800.7|cin        |Sum[10]  
24   |I2O  |vsysclk|vsysclk|20000.0| 651.5|   10|17848.5|cin        |Sum[9]   
25   |I2O  |vsysclk|vsysclk|20000.0| 603.7|    9|17896.3|cin        |Sum[8]   
26   |I2O  |vsysclk|vsysclk|20000.0| 555.9|    8|17944.1|cin        |Sum[7]   
27   |I2O  |vsysclk|vsysclk|20000.0| 508.1|    7|17991.9|cin        |Sum[6]   
28   |I2O  |vsysclk|vsysclk|20000.0| 460.3|    6|18039.7|cin        |Sum[5]   
29   |I2O  |vsysclk|vsysclk|20000.0| 412.5|    5|18087.5|cin        |Sum[4]   
30   |I2O  |vsysclk|vsysclk|20000.0| 364.7|    4|18135.3|cin        |Sum[3]   
31   |I2O  |vsysclk|vsysclk|20000.0| 316.9|    3|18183.1|cin        |Sum[2]   
32   |I2O  |vsysclk|vsysclk|20000.0| 269.1|    2|18230.9|cin        |Sum[1]   
33   |I2O  |vsysclk|vsysclk|20000.0| 226.1|    1|18273.9|cin        |Sum[0]   
-----+-----+-------+-------+-------+------+-----+-------+-----------+---------
Report End Points: 
-----+-----+------+-------+-----+-----+-----+-----+-----------+---------
     |Group|Launch|Capture|Shift|Delay|Depth|Slack|Begin Point|End Point
-----+-----+------+-------+-----+-----+-----+-----+-----------+---------
1    |R2O  |      |       |     |     |     |     |           |         
-----+-----+------+-------+-----+-----+-----+-----+-----------+---------
