warning: No library characterized for (process = 1.00 voltage = 0.85 temperature = 25.00) can be found in the database for power domain '/PD_TOP'  [NL-174]
Report Power (instances with prefix '*' are included in total) : 
-----+----------+--------------------+---------------------+-------------------+-----------------
     | Instance | Internal Power(uw) | Switching Power(uw) | Leakage Power(uw) | Total Power(uw) 
-----+----------+--------------------+---------------------+-------------------+-----------------
1    |*i_0_0    |           10.104568|             8.022932|           2.424392|        20.551891
2    |*i_0_1_0  |            0.509345|             0.030408|           0.014353|         0.554106
3    |*i_0_1_1  |            0.509814|             0.029464|           0.014353|         0.553631
4    |*i_0_1_2  |            0.023871|             0.029976|           0.014353|         0.068200
5    |*i_0_1_3  |            0.091098|             0.133104|           0.048314|         0.272515
6    |          |                    |                     |                   |                 
7    |*TOTAL    |           11.238696|             8.245884|           2.515766|        22.000345
-----+----------+--------------------+---------------------+-------------------+-----------------
