Report End Points: 
-----+-------+------+-------+-----+-----+-----+-----+-----------+---------
     |Group  |Launch|Capture|Shift|Delay|Depth|Slack|Begin Point|End Point
-----+-------+------+-------+-----+-----+-----+-----+-----------+---------
1    |default|      |       |     |     |     |     |           |         
-----+-------+------+-------+-----+-----+-----+-----+-----------+---------
Report End Points: 
-----+-----+------+-------+-----+-----+-----+-----+-----------+---------
     |Group|Launch|Capture|Shift|Delay|Depth|Slack|Begin Point|End Point
-----+-----+------+-------+-----+-----+-----+-----+-----------+---------
1    |I2R  |      |       |     |     |     |     |           |         
-----+-----+------+-------+-----+-----+-----+-----+-----------+---------
Report End Points: 
-----+-----+-------+-------+-------+------+-----+-------+-----------+---------
     |Group|Launch |Capture|Shift  |Delay |Depth|Slack  |Begin Point|End Point
-----+-----+-------+-------+-------+------+-----+-------+-----------+---------
1    |I2O  |vsysclk|vsysclk|20000.0|1476.6|   44|17023.4|in2[0]     |OF       
2    |I2O  |vsysclk|vsysclk|20000.0|1410.0|   43|17090.0|in2[0]     |s[31]    
3    |I2O  |vsysclk|vsysclk|20000.0|1401.8|   44|17098.2|in2[0]     |cout     
4    |I2O  |vsysclk|vsysclk|20000.0|1363.2|   42|17136.8|in2[0]     |s[30]    
5    |I2O  |vsysclk|vsysclk|20000.0|1335.0|   41|17165.0|in2[0]     |s[29]    
6    |I2O  |vsysclk|vsysclk|20000.0|1306.5|   40|17193.5|in2[0]     |s[28]    
7    |I2O  |vsysclk|vsysclk|20000.0|1234.5|   38|17265.5|in2[0]     |s[27]    
8    |I2O  |vsysclk|vsysclk|20000.0|1206.3|   37|17293.7|in2[0]     |s[26]    
9    |I2O  |vsysclk|vsysclk|20000.0|1178.1|   36|17321.9|in2[0]     |s[25]    
10   |I2O  |vsysclk|vsysclk|20000.0|1149.6|   35|17350.4|in2[0]     |s[24]    
11   |I2O  |vsysclk|vsysclk|20000.0|1077.6|   33|17422.4|in2[0]     |s[23]    
12   |I2O  |vsysclk|vsysclk|20000.0|1049.4|   32|17450.6|in2[0]     |s[22]    
13   |I2O  |vsysclk|vsysclk|20000.0|1021.2|   31|17478.8|in2[0]     |s[21]    
14   |I2O  |vsysclk|vsysclk|20000.0| 992.7|   30|17507.3|in2[0]     |s[20]    
15   |I2O  |vsysclk|vsysclk|20000.0| 920.7|   28|17579.3|in2[0]     |s[19]    
16   |I2O  |vsysclk|vsysclk|20000.0| 892.5|   27|17607.5|in2[0]     |s[18]    
17   |I2O  |vsysclk|vsysclk|20000.0| 864.3|   26|17635.7|in2[0]     |s[17]    
18   |I2O  |vsysclk|vsysclk|20000.0| 835.8|   25|17664.2|in2[0]     |s[16]    
19   |I2O  |vsysclk|vsysclk|20000.0| 763.8|   23|17736.2|in2[0]     |s[15]    
20   |I2O  |vsysclk|vsysclk|20000.0| 735.6|   22|17764.4|in2[0]     |s[14]    
21   |I2O  |vsysclk|vsysclk|20000.0| 707.4|   21|17792.6|in2[0]     |s[13]    
22   |I2O  |vsysclk|vsysclk|20000.0| 678.9|   20|17821.1|in2[0]     |s[12]    
23   |I2O  |vsysclk|vsysclk|20000.0| 606.9|   18|17893.1|in2[0]     |s[11]    
24   |I2O  |vsysclk|vsysclk|20000.0| 578.7|   17|17921.3|in2[0]     |s[10]    
25   |I2O  |vsysclk|vsysclk|20000.0| 550.5|   16|17949.5|in2[0]     |s[9]     
26   |I2O  |vsysclk|vsysclk|20000.0| 522.0|   15|17978.0|in2[0]     |s[8]     
27   |I2O  |vsysclk|vsysclk|20000.0| 450.0|   13|18050.0|in2[0]     |s[7]     
28   |I2O  |vsysclk|vsysclk|20000.0| 421.8|   12|18078.2|in2[0]     |s[6]     
29   |I2O  |vsysclk|vsysclk|20000.0| 393.6|   11|18106.4|in2[0]     |s[5]     
30   |I2O  |vsysclk|vsysclk|20000.0| 365.1|   10|18134.9|in2[0]     |s[4]     
31   |I2O  |vsysclk|vsysclk|20000.0| 290.0|    8|18210.0|in2[0]     |s[3]     
32   |I2O  |vsysclk|vsysclk|20000.0| 220.2|    6|18279.8|in2[0]     |s[2]     
33   |I2O  |vsysclk|vsysclk|20000.0| 150.3|    4|18349.7|in2[0]     |s[1]     
34   |I2O  |vsysclk|vsysclk|20000.0|  94.8|    2|18405.2|in2[0]     |s[0]     
-----+-----+-------+-------+-------+------+-----+-------+-----------+---------
Report End Points: 
-----+-----+------+-------+-----+-----+-----+-----+-----------+---------
     |Group|Launch|Capture|Shift|Delay|Depth|Slack|Begin Point|End Point
-----+-----+------+-------+-----+-----+-----+-----+-----------+---------
1    |R2O  |      |       |     |     |     |     |           |         
-----+-----+------+-------+-----+-----+-----+-----+-----------+---------
