warning: No library characterized for (process = 1.00 voltage = 0.85 temperature = 25.00) can be found in the database for power domain '/PD_TOP'  [NL-174]
Report Power (instances with prefix '*' are included in total) : 
-----+--------------+--------------------+---------------------+-------------------+-----------------
     | Instance     | Internal Power(uw) | Switching Power(uw) | Leakage Power(uw) | Total Power(uw) 
-----+--------------+--------------------+---------------------+-------------------+-----------------
1    |*i_0_0_0      |            0.509345|             0.030408|           0.014353|         0.554106
2    |*i_0_0_1      |            0.509814|             0.029464|           0.014353|         0.553631
3    |*i_0_0_2      |            0.023871|             0.029976|           0.014353|         0.068200
4    |*i_0_0_3      |            0.091091|             0.134912|           0.048314|         0.274317
5    |*genblk1_7_RCA|            2.683999|             1.045880|           0.496693|         4.226572
6    |*genblk1_6_RCA|            2.683999|             1.045880|           0.496693|         4.226572
7    |*genblk1_5_RCA|            2.683999|             1.045880|           0.496693|         4.226572
8    |*genblk1_4_RCA|            2.683999|             1.045880|           0.496693|         4.226572
9    |*genblk1_3_RCA|            2.683999|             1.045880|           0.496693|         4.226572
10   |*genblk1_2_RCA|            2.683999|             1.045880|           0.496693|         4.226572
11   |*genblk1_1_RCA|            2.683999|             1.045880|           0.496693|         4.226572
12   |*genblk1_0_RCA|            3.110857|             1.690808|           0.580618|         5.382283
13   |*genblk1_1_inc|            0.508359|             0.959918|           0.267614|         1.735892
14   |*genblk1_2_inc|            0.508795|             0.961476|           0.267614|         1.737885
15   |*genblk1_3_inc|            0.508814|             0.962228|           0.267614|         1.738656
16   |*genblk1_4_inc|            0.508816|             0.962487|           0.267614|         1.738916
17   |*genblk1_5_inc|            0.508818|             0.963189|           0.267614|         1.739622
18   |*genblk1_6_inc|            0.508819|             0.963446|           0.267614|         1.739879
19   |*genblk1_7_inc|            0.510799|             1.472574|           0.267614|         2.250988
20   |              |                    |                     |                   |                 
21   |*TOTAL        |           26.596188|            16.482044|           6.022143|        49.100376
-----+--------------+--------------------+---------------------+-------------------+-----------------
