Report for group default
Report for group I2R
Report for group I2O
------------------------------------------------------------------------------------------------------------------------------------------------------------
Startpoint: in2[0]
    (Clocked by vsysclk R)
Endpoint: OF
    (Clocked by vsysclk R)
Path Group: I2O
Data required time: 19500.0
    (Clock shift: 20000.0, minus Uncertainty: 0.0, plus Latency 0.0, minus Out delay: 500.0)
Data arrival time: 2476.6
Slack: 17023.4
Logic depth: 44
------------------------------------------------------------------------------------------------------------------------------------------------------------
                                                     Arrival               Arc      Net               Net    Total   fan-                                   
Path                     Module/Cell           Edge     Time    Delay    Delay    Delay     Slew     Load     Load    out     Location Power Domain      (V)
                                                        (ps)     (ps)     (ps)     (ps)     (ps)     (ff)     (ff)    (#)      (um,um)                      
------------------------------------------------------------------------------------------------------------------------------------------------------------
in2[0]                   {set_input_delay}        r   1000.0   1000.0   1000.0                        2.3      8.2      2    40,    0                       
genblk1_0_RCA/genblk1_0_FA/HA1/i_0_0/B->Z
                         XOR2_X2                 rf   1015.5     15.3     15.3      0.0   1000.0      0.5      6.2      2    40,   40  /PD_TOP        (1.10)
genblk1_0_RCA/genblk1_0_FA/HA2/i_0_1/A2->ZN
                         AND2_X4                 ff   1045.5     30.0     30.0      0.0     13.7      0.3      2.5      1    40,   40  /PD_TOP        (1.10)
genblk1_0_RCA/genblk1_0_FA/i_0_0/A2->ZN
                         OR2_X4                  ff   1090.2     44.7     44.7      0.0      5.1      0.5      5.9      2    40,   40  /PD_TOP        (1.10)
genblk1_0_RCA/genblk1_1_FA/HA2/i_0_1/A1->ZN
                         AND2_X4                 ff   1115.3     25.1     25.1      0.0      8.7      0.3      2.5      1    40,   40  /PD_TOP        (1.10)
genblk1_0_RCA/genblk1_1_FA/i_0_0/A2->ZN
                         OR2_X4                  ff   1160.0     44.7     44.7      0.0      5.1      0.5      5.9      2    40,   40  /PD_TOP        (1.10)
genblk1_0_RCA/genblk1_2_FA/HA2/i_0_1/A1->ZN
                         AND2_X4                 ff   1185.1     25.1     25.1      0.0      8.7      0.3      2.5      1    40,   40  /PD_TOP        (1.10)
genblk1_0_RCA/genblk1_2_FA/i_0_0/A2->ZN
                         OR2_X4                  ff   1229.8     44.7     44.7      0.0      5.1      0.5      5.9      2    40,   40  /PD_TOP        (1.10)
genblk1_0_RCA/genblk1_3_FA/HA2/i_0_1/A1->ZN
                         AND2_X4                 ff   1254.9     25.1     25.1      0.0      8.7      0.3      2.5      1    40,   40  /PD_TOP        (1.10)
genblk1_0_RCA/genblk1_3_FA/i_0_0/A2->ZN
                         OR2_X4                  ff   1299.8     44.9     44.9      0.0      5.1      0.5      6.2      2    40,   40  /PD_TOP        (1.10)
genblk1_1_inc/genblk1_0_HA/i_0_1/A2->ZN
                         AND2_X4                 ff   1329.4     29.6     29.6      0.0      8.8      0.5      6.2      2    40,   40  /PD_TOP        (1.10)
genblk1_1_inc/genblk1_1_HA/i_0_1/A2->ZN
                         AND2_X4                 ff   1357.6     28.4     28.2      0.2      6.1      0.5      6.2      2    40,   40  /PD_TOP        (1.10)
genblk1_1_inc/genblk1_2_HA/i_0_1/A2->ZN
                         AND2_X4                 ff   1385.8     28.2     28.2      0.0      6.1      0.5      6.2      2    40,   40  /PD_TOP        (1.10)
genblk1_1_inc/genblk1_3_HA/i_0_1/A2->ZN
                         AND2_X4                 ff   1411.8     26.0     26.0      0.0      6.1      0.3      2.5      1    40,   40  /PD_TOP        (1.10)
genblk1_1_inc/i_0_0/A2->ZN
                         OR2_X4                  ff   1456.7     44.9     44.9      0.0      5.1      0.5      6.2      2    40,   40  /PD_TOP        (1.10)
genblk1_2_inc/genblk1_0_HA/i_0_1/A2->ZN
                         AND2_X4                 ff   1486.3     29.6     29.6      0.0      8.8      0.5      6.2      2    40,   40  /PD_TOP        (1.10)
genblk1_2_inc/genblk1_1_HA/i_0_1/A2->ZN
                         AND2_X4                 ff   1514.5     28.2     28.2      0.0      6.1      0.5      6.2      2    40,   40  /PD_TOP        (1.10)
genblk1_2_inc/genblk1_2_HA/i_0_1/A2->ZN
                         AND2_X4                 ff   1542.7     28.2     28.2      0.0      6.1      0.5      6.2      2    40,   40  /PD_TOP        (1.10)
genblk1_2_inc/genblk1_3_HA/i_0_1/A2->ZN
                         AND2_X4                 ff   1568.7     26.0     26.0      0.0      6.1      0.3      2.5      1    40,   40  /PD_TOP        (1.10)
genblk1_2_inc/i_0_0/A2->ZN
                         OR2_X4                  ff   1613.6     44.9     44.9      0.0      5.1      0.5      6.2      2    40,   40  /PD_TOP        (1.10)
genblk1_3_inc/genblk1_0_HA/i_0_1/A2->ZN
                         AND2_X4                 ff   1643.2     29.6     29.6      0.0      8.8      0.5      6.2      2    40,   40  /PD_TOP        (1.10)
genblk1_3_inc/genblk1_1_HA/i_0_1/A2->ZN
                         AND2_X4                 ff   1671.4     28.2     28.2      0.0      6.1      0.5      6.2      2    40,   40  /PD_TOP        (1.10)
genblk1_3_inc/genblk1_2_HA/i_0_1/A2->ZN
                         AND2_X4                 ff   1699.6     28.2     28.2      0.0      6.1      0.5      6.2      2    40,   40  /PD_TOP        (1.10)
genblk1_3_inc/genblk1_3_HA/i_0_1/A2->ZN
                         AND2_X4                 ff   1725.6     26.0     26.0      0.0      6.1      0.3      2.5      1    40,   40  /PD_TOP        (1.10)
genblk1_3_inc/i_0_0/A2->ZN
                         OR2_X4                  ff   1770.5     44.9     44.9      0.0      5.1      0.5      6.2      2    40,   40  /PD_TOP        (1.10)
genblk1_4_inc/genblk1_0_HA/i_0_1/A2->ZN
                         AND2_X4                 ff   1800.1     29.6     29.6      0.0      8.8      0.5      6.2      2    40,   40  /PD_TOP        (1.10)
genblk1_4_inc/genblk1_1_HA/i_0_1/A2->ZN
                         AND2_X4                 ff   1828.3     28.2     28.2      0.0      6.1      0.5      6.2      2    40,   40  /PD_TOP        (1.10)
genblk1_4_inc/genblk1_2_HA/i_0_1/A2->ZN
                         AND2_X4                 ff   1856.5     28.2     28.2      0.0      6.1      0.5      6.2      2    40,   40  /PD_TOP        (1.10)
genblk1_4_inc/genblk1_3_HA/i_0_1/A2->ZN
                         AND2_X4                 ff   1882.5     26.0     26.0      0.0      6.1      0.3      2.5      1    40,   40  /PD_TOP        (1.10)
genblk1_4_inc/i_0_0/A2->ZN
                         OR2_X4                  ff   1927.4     44.9     44.9      0.0      5.1      0.5      6.2      2    40,   40  /PD_TOP        (1.10)
genblk1_5_inc/genblk1_0_HA/i_0_1/A2->ZN
                         AND2_X4                 ff   1957.0     29.6     29.6      0.0      8.8      0.5      6.2      2    40,   40  /PD_TOP        (1.10)
genblk1_5_inc/genblk1_1_HA/i_0_1/A2->ZN
                         AND2_X4                 ff   1985.2     28.2     28.2      0.0      6.1      0.5      6.2      2    40,   40  /PD_TOP        (1.10)
genblk1_5_inc/genblk1_2_HA/i_0_1/A2->ZN
                         AND2_X4                 ff   2013.4     28.2     28.2      0.0      6.1      0.5      6.2      2    40,   40  /PD_TOP        (1.10)
genblk1_5_inc/genblk1_3_HA/i_0_1/A2->ZN
                         AND2_X4                 ff   2039.4     26.0     26.0      0.0      6.1      0.3      2.5      1    40,   40  /PD_TOP        (1.10)
genblk1_5_inc/i_0_0/A2->ZN
                         OR2_X4                  ff   2084.3     44.9     44.9      0.0      5.1      0.5      6.2      2    40,   40  /PD_TOP        (1.10)
genblk1_6_inc/genblk1_0_HA/i_0_1/A2->ZN
                         AND2_X4                 ff   2113.9     29.6     29.6      0.0      8.8      0.5      6.2      2    40,   40  /PD_TOP        (1.10)
genblk1_6_inc/genblk1_1_HA/i_0_1/A2->ZN
                         AND2_X4                 ff   2142.1     28.2     28.2      0.0      6.1      0.5      6.2      2    40,   40  /PD_TOP        (1.10)
genblk1_6_inc/genblk1_2_HA/i_0_1/A2->ZN
                         AND2_X4                 ff   2170.3     28.2     28.2      0.0      6.1      0.5      6.2      2    40,   40  /PD_TOP        (1.10)
genblk1_6_inc/genblk1_3_HA/i_0_1/A2->ZN
                         AND2_X4                 ff   2196.3     26.0     26.0      0.0      6.1      0.3      2.5      1    40,   40  /PD_TOP        (1.10)
genblk1_6_inc/i_0_0/A2->ZN
                         OR2_X4                  ff   2241.2     44.9     44.9      0.0      5.1      0.5      6.2      2    40,   40  /PD_TOP        (1.10)
genblk1_7_inc/genblk1_0_HA/i_0_1/A2->ZN
                         AND2_X4                 ff   2270.8     29.6     29.6      0.0      8.8      0.5      6.2      2    40,   40  /PD_TOP        (1.10)
genblk1_7_inc/genblk1_1_HA/i_0_1/A2->ZN
                         AND2_X4                 ff   2299.0     28.2     28.2      0.0      6.1      0.5      6.2      2    40,   40  /PD_TOP        (1.10)
genblk1_7_inc/genblk1_2_HA/i_0_1/A2->ZN
                         AND2_X4                 ff   2327.2     28.2     28.2      0.0      6.1      0.5      6.2      2    40,   40  /PD_TOP        (1.10)
genblk1_7_inc/genblk1_3_HA/i_0_0/B->Z
                         XOR2_X2*                fr   2427.5    100.3    100.3      0.0      6.1      0.6     40.1      3    40,   40  /PD_TOP        (1.10)
i_0_0_3/A3->ZN           OAI33_X1                rf   2476.4     48.9     48.9      0.0     15.3      2.4     12.4      1    40,   40  /PD_TOP        (1.10)
OF                                                f   2476.6      0.2               0.2     34.0                              0,   42                       
------------------------------------------------------------------------------------------------------------------------------------------------------------
Report for group R2O
