Report End Points: 
-----+-------+------+-------+-----+-----+-----+-----+-----------+---------
     |Group  |Launch|Capture|Shift|Delay|Depth|Slack|Begin Point|End Point
-----+-------+------+-------+-----+-----+-----+-----+-----------+---------
1    |default|      |       |     |     |     |     |           |         
-----+-------+------+-------+-----+-----+-----+-----+-----------+---------
Report End Points: 
-----+-----+------+-------+-----+-----+-----+-----+-----------+---------
     |Group|Launch|Capture|Shift|Delay|Depth|Slack|Begin Point|End Point
-----+-----+------+-------+-----+-----+-----+-----+-----------+---------
1    |I2R  |      |       |     |     |     |     |           |         
-----+-----+------+-------+-----+-----+-----+-----+-----------+---------
Report End Points: 
-----+-----+-------+-------+-------+------+-----+-------+-----------+---------
     |Group|Launch |Capture|Shift  |Delay |Depth|Slack  |Begin Point|End Point
-----+-----+-------+-------+-------+------+-----+-------+-----------+---------
1    |I2O  |vsysclk|vsysclk|20000.0|2350.3|   65|16149.7|in2[0]     |OF       
2    |I2O  |vsysclk|vsysclk|20000.0|2336.4|   66|16163.6|in2[0]     |cout     
3    |I2O  |vsysclk|vsysclk|20000.0|2283.3|   64|16216.7|in2[0]     |s[31]    
4    |I2O  |vsysclk|vsysclk|20000.0|2194.9|   62|16305.1|in2[0]     |s[30]    
5    |I2O  |vsysclk|vsysclk|20000.0|2125.1|   60|16374.9|in2[0]     |s[29]    
6    |I2O  |vsysclk|vsysclk|20000.0|2055.3|   58|16444.7|in2[0]     |s[28]    
7    |I2O  |vsysclk|vsysclk|20000.0|1985.5|   56|16514.5|in2[0]     |s[27]    
8    |I2O  |vsysclk|vsysclk|20000.0|1915.7|   54|16584.3|in2[0]     |s[26]    
9    |I2O  |vsysclk|vsysclk|20000.0|1845.9|   52|16654.1|in2[0]     |s[25]    
10   |I2O  |vsysclk|vsysclk|20000.0|1776.1|   50|16723.9|in2[0]     |s[24]    
11   |I2O  |vsysclk|vsysclk|20000.0|1706.3|   48|16793.7|in2[0]     |s[23]    
12   |I2O  |vsysclk|vsysclk|20000.0|1636.5|   46|16863.5|in2[0]     |s[22]    
13   |I2O  |vsysclk|vsysclk|20000.0|1566.7|   44|16933.3|in2[0]     |s[21]    
14   |I2O  |vsysclk|vsysclk|20000.0|1496.9|   42|17003.1|in2[0]     |s[20]    
15   |I2O  |vsysclk|vsysclk|20000.0|1427.1|   40|17072.9|in2[0]     |s[19]    
16   |I2O  |vsysclk|vsysclk|20000.0|1357.3|   38|17142.7|in2[0]     |s[18]    
17   |I2O  |vsysclk|vsysclk|20000.0|1287.5|   36|17212.5|in2[0]     |s[17]    
18   |I2O  |vsysclk|vsysclk|20000.0|1217.6|   34|17282.4|in2[0]     |s[16]    
19   |I2O  |vsysclk|vsysclk|20000.0|1147.9|   32|17352.1|in2[0]     |s[15]    
20   |I2O  |vsysclk|vsysclk|20000.0|1078.1|   30|17421.9|in2[0]     |s[14]    
21   |I2O  |vsysclk|vsysclk|20000.0|1008.3|   28|17491.7|in2[0]     |s[13]    
22   |I2O  |vsysclk|vsysclk|20000.0| 938.4|   26|17561.6|in2[0]     |s[12]    
23   |I2O  |vsysclk|vsysclk|20000.0| 868.6|   24|17631.4|in2[0]     |s[11]    
24   |I2O  |vsysclk|vsysclk|20000.0| 798.8|   22|17701.2|in2[0]     |s[10]    
25   |I2O  |vsysclk|vsysclk|20000.0| 729.0|   20|17771.0|in2[0]     |s[9]     
26   |I2O  |vsysclk|vsysclk|20000.0| 659.2|   18|17840.8|in2[0]     |s[8]     
27   |I2O  |vsysclk|vsysclk|20000.0| 589.4|   16|17910.6|in2[0]     |s[7]     
28   |I2O  |vsysclk|vsysclk|20000.0| 519.6|   14|17980.4|in2[0]     |s[6]     
29   |I2O  |vsysclk|vsysclk|20000.0| 449.8|   12|18050.2|in2[0]     |s[5]     
30   |I2O  |vsysclk|vsysclk|20000.0| 380.0|   10|18120.0|in2[0]     |s[4]     
31   |I2O  |vsysclk|vsysclk|20000.0| 310.2|    8|18189.8|in2[0]     |s[3]     
32   |I2O  |vsysclk|vsysclk|20000.0| 240.4|    6|18259.6|in2[0]     |s[2]     
33   |I2O  |vsysclk|vsysclk|20000.0| 170.6|    4|18329.4|in2[0]     |s[1]     
34   |I2O  |vsysclk|vsysclk|20000.0| 103.0|    2|18397.0|in2[0]     |s[0]     
-----+-----+-------+-------+-------+------+-----+-------+-----------+---------
Report End Points: 
-----+-----+------+-------+-----+-----+-----+-----+-----------+---------
     |Group|Launch|Capture|Shift|Delay|Depth|Slack|Begin Point|End Point
-----+-----+------+-------+-----+-----+-----+-----+-----------+---------
1    |R2O  |      |       |     |     |     |     |           |         
-----+-----+------+-------+-----+-----+-----+-----+-----------+---------
