

==================================================================================
=== CALIBRE::LVS-H SUMMARY REPORT
===

Extraction Summary
------------------
Extraction Start Time:                       Wed Jan 04 03:13:04 2023
Extraction Finish Time:                      Wed Jan 04 03:13:06 2023
Circuit Extraction Report:                   FloatingPointAdder.lvs.report.ext
Circuit Extraction SPICE Netlist:            /home/vlsi/Desktop/Calbre/FloatingPointAdder.sp

Comparison Summary
------------------
Comparison Start Time:                       Wed Jan 04 03:13:06 2023
Comparison Finish Time:                      Wed Jan 04 03:13:06 2023
LVS Comparison Report:                       FloatingPointAdder.lvs.report
LVS Comparison Status:                       NOT COMPARED.

                      #   #                  ~   ~     
                       # #                   x   x     
                        #                      @       
                       # #                    ___      
                      #   #                  /   \     

Comparison Error Types Detected:             2

