Report End Points: 
-----+-------+------+-------+-----+-----+-----+-----+-----------+---------
     |Group  |Launch|Capture|Shift|Delay|Depth|Slack|Begin Point|End Point
-----+-------+------+-------+-----+-----+-----+-----+-----------+---------
1    |default|      |       |     |     |     |     |           |         
-----+-------+------+-------+-----+-----+-----+-----+-----------+---------
Report End Points: 
-----+-----+------+-------+-----+-----+-----+-----+-----------+---------
     |Group|Launch|Capture|Shift|Delay|Depth|Slack|Begin Point|End Point
-----+-----+------+-------+-----+-----+-----+-----+-----------+---------
1    |I2R  |      |       |     |     |     |     |           |         
-----+-----+------+-------+-----+-----+-----+-----+-----------+---------
Report End Points: 
-----+-----+-------+-------+-------+------+-----+-------+-----------+---------
     |Group|Launch |Capture|Shift  |Delay |Depth|Slack  |Begin Point|End Point
-----+-----+-------+-------+-------+------+-----+-------+-----------+---------
1    |I2O  |vsysclk|vsysclk|20000.0|3501.5|   87|14998.5|B[24]      |Out[15]  
2    |I2O  |vsysclk|vsysclk|20000.0|3474.9|   87|15025.1|B[24]      |Out[14]  
3    |I2O  |vsysclk|vsysclk|20000.0|3470.5|   92|15029.5|B[24]      |Out[30]  
4    |I2O  |vsysclk|vsysclk|20000.0|3468.6|   91|15031.4|B[24]      |Out[29]  
5    |I2O  |vsysclk|vsysclk|20000.0|3467.0|   87|15033.0|B[24]      |Out[22]  
6    |I2O  |vsysclk|vsysclk|20000.0|3449.6|   87|15050.4|B[24]      |Out[13]  
7    |I2O  |vsysclk|vsysclk|20000.0|3449.6|   87|15050.4|B[24]      |Out[12]  
8    |I2O  |vsysclk|vsysclk|20000.0|3446.8|   88|15053.2|B[24]      |Out[11]  
9    |I2O  |vsysclk|vsysclk|20000.0|3443.9|   88|15056.1|B[24]      |Out[7]   
10   |I2O  |vsysclk|vsysclk|20000.0|3443.2|   86|15056.8|B[24]      |Out[21]  
11   |I2O  |vsysclk|vsysclk|20000.0|3443.2|   86|15056.8|B[24]      |Out[20]  
12   |I2O  |vsysclk|vsysclk|20000.0|3443.2|   86|15056.8|B[24]      |Out[19]  
13   |I2O  |vsysclk|vsysclk|20000.0|3443.2|   86|15056.8|B[24]      |Out[18]  
14   |I2O  |vsysclk|vsysclk|20000.0|3443.2|   86|15056.8|B[24]      |Out[17]  
15   |I2O  |vsysclk|vsysclk|20000.0|3443.2|   86|15056.8|B[24]      |Out[16]  
16   |I2O  |vsysclk|vsysclk|20000.0|3424.4|   87|15075.6|B[24]      |Out[10]  
17   |I2O  |vsysclk|vsysclk|20000.0|3424.4|   87|15075.6|B[24]      |Out[9]   
18   |I2O  |vsysclk|vsysclk|20000.0|3424.4|   87|15075.6|B[24]      |Out[8]   
19   |I2O  |vsysclk|vsysclk|20000.0|3420.1|   90|15079.9|B[24]      |Out[28]  
20   |I2O  |vsysclk|vsysclk|20000.0|3419.9|   88|15080.1|B[24]      |Out[6]   
21   |I2O  |vsysclk|vsysclk|20000.0|3394.6|   88|15105.4|B[24]      |Out[5]   
22   |I2O  |vsysclk|vsysclk|20000.0|3394.6|   88|15105.4|B[24]      |Out[4]   
23   |I2O  |vsysclk|vsysclk|20000.0|3391.8|   89|15108.2|B[24]      |Out[3]   
24   |I2O  |vsysclk|vsysclk|20000.0|3365.2|   89|15134.8|B[24]      |Out[2]   
25   |I2O  |vsysclk|vsysclk|20000.0|3360.2|   88|15139.8|B[24]      |Out[27]  
26   |I2O  |vsysclk|vsysclk|20000.0|3337.1|   90|15162.9|B[24]      |Out[1]   
27   |I2O  |vsysclk|vsysclk|20000.0|3322.8|   87|15177.2|B[24]      |Out[26]  
28   |I2O  |vsysclk|vsysclk|20000.0|3260.5|   84|15239.5|B[24]      |Out[25]  
29   |I2O  |vsysclk|vsysclk|20000.0|3258.8|   90|15241.2|B[24]      |Out[0]   
30   |I2O  |vsysclk|vsysclk|20000.0|3213.4|   82|15286.6|B[24]      |Out[24]  
31   |I2O  |vsysclk|vsysclk|20000.0|3168.0|   81|15332.0|B[24]      |Out[23]  
32   |I2O  |vsysclk|vsysclk|20000.0|1863.3|   57|16636.7|B[24]      |Out[31]  
-----+-----+-------+-------+-------+------+-----+-------+-----------+---------
Report End Points: 
-----+-----+------+-------+-----+-----+-----+-----+-----------+---------
     |Group|Launch|Capture|Shift|Delay|Depth|Slack|Begin Point|End Point
-----+-----+------+-------+-----+-----+-----+-----+-----------+---------
1    |R2O  |      |       |     |     |     |     |           |         
-----+-----+------+-------+-----+-----+-----+-----+-----------+---------
