Report End Points: 
-----+-------+------+-------+-----+-----+-----+-----+-----------+---------
     |Group  |Launch|Capture|Shift|Delay|Depth|Slack|Begin Point|End Point
-----+-------+------+-------+-----+-----+-----+-----+-----------+---------
1    |default|      |       |     |     |     |     |           |         
-----+-------+------+-------+-----+-----+-----+-----+-----------+---------
Report End Points: 
-----+-----+------+-------+-----+-----+-----+-----+-----------+---------
     |Group|Launch|Capture|Shift|Delay|Depth|Slack|Begin Point|End Point
-----+-----+------+-------+-----+-----+-----+-----+-----------+---------
1    |I2R  |      |       |     |     |     |     |           |         
-----+-----+------+-------+-----+-----+-----+-----+-----------+---------
Report End Points: 
-----+-----+-------+-------+-------+------+-----+-------+-----------+---------
     |Group|Launch |Capture|Shift  |Delay |Depth|Slack  |Begin Point|End Point
-----+-----+-------+-------+-------+------+-----+-------+-----------+---------
1    |I2O  |vsysclk|vsysclk|20000.0|2506.0|   68|15994.0|B[0]       |OF       
2    |I2O  |vsysclk|vsysclk|20000.0|2493.7|   69|16006.3|B[0]       |Cout     
3    |I2O  |vsysclk|vsysclk|20000.0|2440.7|   67|16059.3|B[0]       |S[31]    
4    |I2O  |vsysclk|vsysclk|20000.0|2352.2|   65|16147.8|B[0]       |S[30]    
5    |I2O  |vsysclk|vsysclk|20000.0|2282.4|   63|16217.6|B[0]       |S[29]    
6    |I2O  |vsysclk|vsysclk|20000.0|2212.6|   61|16287.4|B[0]       |S[28]    
7    |I2O  |vsysclk|vsysclk|20000.0|2142.8|   59|16357.2|B[0]       |S[27]    
8    |I2O  |vsysclk|vsysclk|20000.0|2073.0|   57|16427.0|B[0]       |S[26]    
9    |I2O  |vsysclk|vsysclk|20000.0|2003.2|   55|16496.8|B[0]       |S[25]    
10   |I2O  |vsysclk|vsysclk|20000.0|1933.0|   53|16567.0|B[0]       |S[24]    
11   |I2O  |vsysclk|vsysclk|20000.0|1804.4|   50|16695.6|B[0]       |S[23]    
12   |I2O  |vsysclk|vsysclk|20000.0|1734.6|   48|16765.4|B[0]       |S[22]    
13   |I2O  |vsysclk|vsysclk|20000.0|1664.8|   46|16835.2|B[0]       |S[21]    
14   |I2O  |vsysclk|vsysclk|20000.0|1595.0|   44|16905.0|B[0]       |S[20]    
15   |I2O  |vsysclk|vsysclk|20000.0|1525.2|   42|16974.8|B[0]       |S[19]    
16   |I2O  |vsysclk|vsysclk|20000.0|1455.4|   40|17044.6|B[0]       |S[18]    
17   |I2O  |vsysclk|vsysclk|20000.0|1385.6|   38|17114.4|B[0]       |S[17]    
18   |I2O  |vsysclk|vsysclk|20000.0|1315.4|   36|17184.6|B[0]       |S[16]    
19   |I2O  |vsysclk|vsysclk|20000.0|1186.8|   33|17313.2|B[0]       |S[15]    
20   |I2O  |vsysclk|vsysclk|20000.0|1117.0|   31|17383.0|B[0]       |S[14]    
21   |I2O  |vsysclk|vsysclk|20000.0|1047.2|   29|17452.8|B[0]       |S[13]    
22   |I2O  |vsysclk|vsysclk|20000.0| 977.4|   27|17522.6|B[0]       |S[12]    
23   |I2O  |vsysclk|vsysclk|20000.0| 907.6|   25|17592.4|B[0]       |S[11]    
24   |I2O  |vsysclk|vsysclk|20000.0| 837.8|   23|17662.2|B[0]       |S[10]    
25   |I2O  |vsysclk|vsysclk|20000.0| 768.0|   21|17732.0|B[0]       |S[9]     
26   |I2O  |vsysclk|vsysclk|20000.0| 697.8|   19|17802.2|B[0]       |S[8]     
27   |I2O  |vsysclk|vsysclk|20000.0| 569.2|   16|17930.8|B[0]       |S[7]     
28   |I2O  |vsysclk|vsysclk|20000.0| 499.4|   14|18000.6|B[0]       |S[6]     
29   |I2O  |vsysclk|vsysclk|20000.0| 429.6|   12|18070.4|B[0]       |S[5]     
30   |I2O  |vsysclk|vsysclk|20000.0| 359.8|   10|18140.2|B[0]       |S[4]     
31   |I2O  |vsysclk|vsysclk|20000.0| 290.0|    8|18210.0|B[0]       |S[3]     
32   |I2O  |vsysclk|vsysclk|20000.0| 220.2|    6|18279.8|B[0]       |S[2]     
33   |I2O  |vsysclk|vsysclk|20000.0| 150.4|    4|18349.6|B[0]       |S[1]     
34   |I2O  |vsysclk|vsysclk|20000.0|  94.8|    2|18405.2|B[0]       |S[0]     
-----+-----+-------+-------+-------+------+-----+-------+-----------+---------
Report End Points: 
-----+-----+------+-------+-----+-----+-----+-----+-----------+---------
     |Group|Launch|Capture|Shift|Delay|Depth|Slack|Begin Point|End Point
-----+-----+------+-------+-----+-----+-----+-----+-----------+---------
1    |R2O  |      |       |     |     |     |     |           |         
-----+-----+------+-------+-----+-----+-----+-----+-----------+---------
